
R version 3.4.1 (2017-06-30) -- "Single Candle"
Copyright (C) 2017 The R Foundation for Statistical Computing
Platform: x86_64-apple-darwin15.6.0 (64-bit)

R is free software and comes with ABSOLUTELY NO WARRANTY.
You are welcome to redistribute it under certain conditions.
Type 'license()' or 'licence()' for distribution details.

  Natural language support but running in an English locale

R is a collaborative project with many contributors.
Type 'contributors()' for more information and
'citation()' on how to cite R or R packages in publications.

Type 'demo()' for some demos, 'help()' for on-line help, or
'help.start()' for an HTML browser interface to help.
Type 'q()' to quit R.

During startup - Warning messages:
1: Setting LC_CTYPE failed, using "C" 
2: Setting LC_COLLATE failed, using "C" 
3: Setting LC_TIME failed, using "C" 
4: Setting LC_MESSAGES failed, using "C" 
5: Setting LC_MONETARY failed, using "C" 
[R.app GUI 1.70 (7375) x86_64-apple-darwin15.6.0]

WARNING: You're using a non-UTF8 locale, therefore only ASCII characters will work.
Please read R for Mac OS X FAQ (see Help) section 9 and adjust your system preferences accordingly.
[Workspace restored from /Users/kachunfung/.RData]
[History restored from /Users/kachunfung/.Rapp.history]

> sd(c(5,8,12))
[1] 3.511885
> which.min(c(4,1,6))
[1] 2
> SquareRoot2 = sqrt(2)
> SquareRoot2
[1] 1.414214
> HoursYear = 8760
> HoursYear = 365*24
> HoursYear 
[1] 8760
> c(2,3,5,8,13)
[1]  2  3  5  8 13
> country = c("Brazil", "China", "India", "USA")
> country = c("Brazil", "China", "India", "USA", "Switzerland")
> LifeExepctancy = c(74, 76, 65, 79, 83)
> LifeExepctancy 
[1] 74 76 65 79 83
> Country[1]
Error: object 'Country' not found
> country[1]
[1] "Brazil"
> LifeExpectancy[2]
Error: object 'LifeExpectancy' not found
> LifeExpcetancy[2]
Error: object 'LifeExpcetancy' not found
> LifeExepctancy[1]
[1] 74
> age(0, 100, 2)
Error in age(0, 100, 2) : could not find function "age"
> seq(0, 100, 2)
 [1]   0   2   4   6   8  10  12  14  16  18  20  22  24  26  28  30  32  34  36  38  40  42  44  46  48  50  52  54  56  58  60  62  64  66  68  70  72  74  76  78  80  82  84  86  88  90  92  94  96  98 100
> CountryData = data.frame(Country.LifeExpectancy)
Error in data.frame(Country.LifeExpectancy) : 
  object 'Country.LifeExpectancy' not found
> CountryData = data.frame(Country.LifeExepctancy)
Error in data.frame(Country.LifeExepctancy) : 
  object 'Country.LifeExepctancy' not found
> CiybtryData = data.frame(country, LifeExepctancy)
> CiybtryData
      country LifeExepctancy
1      Brazil             74
2       China             76
3       India             65
4         USA             79
5 Switzerland             83
> CountryData = data.frame(country, LifeExepctancy)
> CountryData$Population (c(199000, 139000, 124000, 7997, 318000))
Error: attempt to apply non-function
> CountryData$Population  = (c(199000, 139000, 124000, 7997, 318000))
> CountryData 
      country LifeExepctancy Population
1      Brazil             74     199000
2       China             76     139000
3       India             65     124000
4         USA             79       7997
5 Switzerland             83     318000
> Country = c("Australia", "Greece")
> LifeExpectancy = c(92, 91)
> Population = c(23380, 11128)
> NewCountryData = data.frame(Country, LifeExpectancy, Population)
> NewCountryData 
    Country LifeExpectancy Population
1 Australia             92      23380
2    Greece             91      11128
> AllCountryData = rbind(CountryData, NewCountryData)
Error in match.names(clabs, names(xi)) : 
  names do not match previous names
> AllCountryData = rbind(CountryData, \NewCountryData)
Error: unexpected input in "AllCountryData = rbind(CountryData, \"
> getwd
function () 
.Internal(getwd())
<bytecode: 0x7fdf9590a1c0>
<environment: namespace:base>
> getwd()
[1] "/Users/kachunfung/Desktop"
> WHO = read.csv("WHO.csv")
> str(WHO)
'data.frame':	194 obs. of  13 variables:
 $ Country                      : Factor w/ 194 levels "Afghanistan",..: 1 2 3 4 5 6 7 8 9 10 ...
 $ Region                       : Factor w/ 6 levels "Africa","Americas",..: 3 4 1 4 1 2 2 4 6 4 ...
 $ Population                   : int  29825 3162 38482 78 20821 89 41087 2969 23050 8464 ...
 $ Under15                      : num  47.4 21.3 27.4 15.2 47.6 ...
 $ Over60                       : num  3.82 14.93 7.17 22.86 3.84 ...
 $ FertilityRate                : num  5.4 1.75 2.83 NA 6.1 2.12 2.2 1.74 1.89 1.44 ...
 $ LifeExpectancy               : int  60 74 73 82 51 75 76 71 82 81 ...
 $ ChildMortality               : num  98.5 16.7 20 3.2 163.5 ...
 $ CellularSubscribers          : num  54.3 96.4 99 75.5 48.4 ...
 $ LiteracyRate                 : num  NA NA NA NA 70.1 99 97.8 99.6 NA NA ...
 $ GNI                          : num  1140 8820 8310 NA 5230 ...
 $ PrimarySchoolEnrollmentMale  : num  NA NA 98.2 78.4 93.1 91.1 NA NA 96.9 NA ...
 $ PrimarySchoolEnrollmentFemale: num  NA NA 96.4 79.4 78.2 84.5 NA NA 97.5 NA ...
> summary(WHO)
                Country                      Region     Population         Under15          Over60      FertilityRate   LifeExpectancy  ChildMortality    CellularSubscribers  LiteracyRate        GNI       
 Afghanistan        :  1   Africa               :46   Min.   :      1   Min.   :13.12   Min.   : 0.81   Min.   :1.260   Min.   :47.00   Min.   :  2.200   Min.   :  2.57      Min.   :31.10   Min.   :  340  
 Albania            :  1   Americas             :35   1st Qu.:   1696   1st Qu.:18.72   1st Qu.: 5.20   1st Qu.:1.835   1st Qu.:64.00   1st Qu.:  8.425   1st Qu.: 63.57      1st Qu.:71.60   1st Qu.: 2335  
 Algeria            :  1   Eastern Mediterranean:22   Median :   7790   Median :28.65   Median : 8.53   Median :2.400   Median :72.50   Median : 18.600   Median : 97.75      Median :91.80   Median : 7870  
 Andorra            :  1   Europe               :53   Mean   :  36360   Mean   :28.73   Mean   :11.16   Mean   :2.941   Mean   :70.01   Mean   : 36.149   Mean   : 93.64      Mean   :83.71   Mean   :13321  
 Angola             :  1   South-East Asia      :11   3rd Qu.:  24535   3rd Qu.:37.75   3rd Qu.:16.69   3rd Qu.:3.905   3rd Qu.:76.00   3rd Qu.: 55.975   3rd Qu.:120.81      3rd Qu.:97.85   3rd Qu.:17558  
 Antigua and Barbuda:  1   Western Pacific      :27   Max.   :1390000   Max.   :49.99   Max.   :31.92   Max.   :7.580   Max.   :83.00   Max.   :181.600   Max.   :196.41      Max.   :99.80   Max.   :86440  
 (Other)            :188                                                                                NA's   :11                                        NA's   :10          NA's   :91      NA's   :32     
 PrimarySchoolEnrollmentMale PrimarySchoolEnrollmentFemale
 Min.   : 37.20              Min.   : 32.50               
 1st Qu.: 87.70              1st Qu.: 87.30               
 Median : 94.70              Median : 95.10               
 Mean   : 90.85              Mean   : 89.63               
 3rd Qu.: 98.10              3rd Qu.: 97.90               
 Max.   :100.00              Max.   :100.00               
 NA's   :93                  NA's   :93                   
> WHO_Europe = subset(WHO, Region = "Europe")
> WHO_Europe
                                      Country                Region Population Under15 Over60 FertilityRate LifeExpectancy ChildMortality CellularSubscribers LiteracyRate   GNI PrimarySchoolEnrollmentMale
1                                 Afghanistan Eastern Mediterranean      29825   47.42   3.82          5.40             60           98.5               54.26           NA  1140                          NA
2                                     Albania                Europe       3162   21.33  14.93          1.75             74           16.7               96.39           NA  8820                          NA
3                                     Algeria                Africa      38482   27.42   7.17          2.83             73           20.0               98.99           NA  8310                        98.2
4                                     Andorra                Europe         78   15.20  22.86            NA             82            3.2               75.49           NA    NA                        78.4
5                                      Angola                Africa      20821   47.58   3.84          6.10             51          163.5               48.38         70.1  5230                        93.1
6                         Antigua and Barbuda              Americas         89   25.96  12.35          2.12             75            9.9              196.41         99.0 17900                        91.1
7                                   Argentina              Americas      41087   24.42  14.97          2.20             76           14.2              134.92         97.8 17130                          NA
8                                     Armenia                Europe       2969   20.34  14.06          1.74             71           16.4              103.57         99.6  6100                          NA
9                                   Australia       Western Pacific      23050   18.95  19.46          1.89             82            4.9              108.34           NA 38110                        96.9
10                                    Austria                Europe       8464   14.51  23.52          1.44             81            4.0              154.78           NA 42050                          NA
11                                 Azerbaijan                Europe       9309   22.25   8.24          1.96             71           35.2              108.75           NA  8960                        85.3
12                                    Bahamas              Americas        372   21.62  11.24          1.90             75           16.9               86.06           NA    NA                          NA
13                                    Bahrain Eastern Mediterranean       1318   20.16   3.38          2.12             79            9.6              127.96         91.9    NA                          NA
14                                 Bangladesh       South-East Asia     155000   30.57   6.89          2.24             70           40.9               56.06         56.8  1940                          NA
15                                   Barbados              Americas        283   18.99  15.78          1.84             78           18.4              127.01           NA    NA                          NA
16                                    Belarus                Europe       9405   15.10  19.31          1.47             71            5.2              111.88           NA 14460                          NA
17                                    Belgium                Europe      11060   16.88  23.81          1.85             80            4.2              116.61           NA 39190                        98.9
18                                     Belize              Americas        324   34.40   5.74          2.76             74           18.3               69.96           NA  6090                          NA
19                                      Benin                Africa      10051   42.95   4.54          5.01             57           89.5               85.33         42.4  1620                          NA
20                                     Bhutan       South-East Asia        742   28.53   6.90          2.32             67           44.6               65.58           NA  5570                        88.3
21           Bolivia (Plurinational State of)              Americas      10496   35.23   7.28          3.31             67           41.4               82.82           NA  4890                        91.2
22                     Bosnia and Herzegovina                Europe       3834   16.35  20.52          1.26             76            6.7               84.52         97.9  9190                        86.5
23                                   Botswana                Africa       2004   33.75   5.63          2.71             66           53.3              142.82         84.5 14550                          NA
24                                     Brazil              Americas     199000   24.56  10.81          1.82             74           14.4              124.26           NA 11420                          NA
25                          Brunei Darussalam       Western Pacific        412   25.75   7.03          2.03             77            8.0              109.17         95.2    NA                          NA
26                                   Bulgaria                Europe       7278   13.53  26.11          1.51             74           12.1              140.68           NA 14160                        99.3
27                               Burkina Faso                Africa      16460   45.66   3.88          5.78             56          102.4               45.27           NA  1300                        60.7
28                                    Burundi                Africa       9850   44.20   3.87          6.21             53          104.3               22.33         67.2   610                          NA
29                                   Cambodia       Western Pacific      14865   31.23   7.67          2.93             65           39.7               96.17           NA  2230                        96.4
30                                   Cameroon                Africa      21700   43.08   4.89          4.94             53           94.9               52.35           NA  2330                        99.6
31                                     Canada              Americas      34838   16.37  20.82          1.66             82            5.3               79.73           NA 39660                          NA
32                                 Cape Verde                Africa        494   30.17   7.05          2.38             72           22.2               79.19         84.3  3980                        94.6
33                   Central African Republic                Africa       4525   40.07   5.74          4.54             48          128.6               40.65         56.0   810                        81.3
34                                       Chad                Africa      12448   48.52   3.80          6.49             51          149.8               31.80         34.5  1360                          NA
35                                      Chile              Americas      17465   21.38  13.80          1.84             79            9.1              129.71           NA 16330                        94.3
36                                      China       Western Pacific    1390000   17.95  13.42          1.66             76           14.0               73.19         94.3  8390                          NA
37                                   Colombia              Americas      47704   28.03   9.19          2.35             78           17.6               98.45         93.4  9560                        91.7
38                                    Comoros                Africa        718   42.17   4.50          4.85             62           77.6               28.71         74.9  1110                          NA
39                                      Congo                Africa       4337   42.37   5.13          5.05             58           96.0               93.84           NA  3240                        92.3
40                               Cook Islands       Western Pacific         21   30.61   9.07            NA             77           10.6                  NA           NA    NA                        97.6
41                                 Costa Rica              Americas       4805   23.94  10.15          1.83             79            9.9               92.20         96.2 11860                          NA
42                                Ivory Coast                Africa      19840   41.48   5.10          4.91             56          107.6               86.06         56.2  1710                          NA
43                                    Croatia                Europe       4307   14.98  24.69          1.48             77            4.7              116.37         98.8 18760                        94.8
44                                       Cuba              Americas      11271   16.58  17.95          1.46             78            5.5               11.69         99.8    NA                       100.0
45                                     Cyprus                Europe       1129   17.16  16.92          1.47             81            3.2               97.71         98.3    NA                        99.1
46                             Czech Republic                Europe      10660   14.56  23.23          1.53             78            3.8              123.44           NA 24370                          NA
47      Democratic People's Republic of Korea       South-East Asia      24763   21.98  12.74          2.00             69           28.8                4.09           NA    NA                          NA
48           Democratic Republic of the Congo                Africa      65705   45.11   4.51          6.15             49          145.7               23.09         66.8   340                          NA
49                                    Denmark                Europe       5598   17.66  23.90          1.88             79            3.7              128.47           NA 41900                        94.8
50                                   Djibouti Eastern Mediterranean        860   33.72   5.96          3.53             58           80.9               21.32           NA    NA                          NA
51                                   Dominica              Americas         72   25.96  12.35            NA             74           12.6              164.02           NA 13000                          NA
52                         Dominican Republic              Americas      10277   30.53   8.97          2.55             73           27.1               87.22         89.5  9420                        95.5
53                                    Ecuador              Americas      15492   30.29   9.21          2.62             76           23.3              104.55         91.9  8510                          NA
54                                      Egypt Eastern Mediterranean      80722   31.25   8.62          2.85             73           21.0              101.08         72.0  6120                          NA
55                                El Salvador              Americas       6297   30.62   9.64          2.24             72           15.9              133.54         84.5  6640                        95.2
56                          Equatorial Guinea                Africa        736   38.95   4.53          5.04             54          100.3               59.15         93.9 25620                        56.5
57                                    Eritrea                Africa       6131   43.10   3.73          4.88             61           51.8                4.47         67.8   580                        37.2
58                                    Estonia                Europe       1291   15.69  23.92          1.62             76            3.6              138.98         99.8 20850                        97.7
59                                   Ethiopia                Africa      91729   43.29   5.17          4.77             60           68.3               16.67           NA  1110                        84.8
60                                       Fiji       Western Pacific        875   28.88   8.38          2.64             70           22.4               83.72           NA  4610                          NA
61                                    Finland                Europe       5408   16.42  25.90          1.85             81            2.9              166.02           NA 37670                        97.7
62                                     France                Europe      63937   18.26  23.82          1.98             82            4.1               94.79           NA 35910                        99.1
63                                      Gabon                Africa       1633   38.49   7.38          4.18             62           62.0              117.32         88.4 13740                          NA
64                                     Gambia                Africa       1791   45.90   3.72          5.79             58           72.9               78.89         50.0  1750                        68.2
65                                    Georgia                Europe       4358   17.62  19.47          1.82             72           19.9              102.31         99.7  5350                          NA
66                                    Germany                Europe      82800   13.17  26.72          1.40             81            4.1              132.30           NA 40230                          NA
67                                      Ghana                Africa      25366   38.59   5.40          3.99             64           72.0               84.78         67.3  1810                          NA
68                                     Greece                Europe      11125   14.60  25.41          1.51             81            4.8              106.48         97.2 25100                        98.8
69                                    Grenada              Americas        105   26.96   9.72          2.22             74           13.5                  NA           NA 10350                          NA
70                                  Guatemala              Americas      15083   40.80   6.56          3.91             69           32.0              140.38         75.2  4760                        98.6
71                                     Guinea                Africa      11451   42.46   5.03          5.09             55          101.2               44.02         41.0  1020                        85.2
72                              Guinea-Bissau                Africa       1664   41.55   5.06          5.05             50          129.1               56.18         54.2  1240                        76.7
73                                     Guyana              Americas        795   36.77   5.18          2.64             63           35.2               69.94           NA    NA                        82.4
74                                      Haiti              Americas      10174   35.35   6.70          3.28             63           75.6               41.49           NA  1180                          NA
75                                   Honduras              Americas       7936   35.72   6.41          3.10             74           22.9              103.97         84.8  3820                        94.8
76                                    Hungary                Europe       9976   14.62  23.41          1.38             75            6.2              117.30         99.0 20310                        97.8
77                                    Iceland                Europe        326   20.71  17.62          2.11             82            2.3              106.08           NA 31020                        98.8
78                                      India       South-East Asia    1240000   29.43   8.10          2.53             65           56.3               72.00           NA  3590                          NA
79                                  Indonesia       South-East Asia     247000   29.27   7.86          2.40             69           31.0              103.09           NA  4500                          NA
80                 Iran (Islamic Republic of) Eastern Mediterranean      76424   23.68   7.82          1.91             73           17.6               74.93           NA    NA                          NA
81                                       Iraq Eastern Mediterranean      32778   40.51   4.95          4.15             69           34.4               78.12         78.2  3750                          NA
82                                    Ireland                Europe       4576   21.54  16.59          2.00             81            4.0              108.41           NA 34180                        99.4
83                                     Israel                Europe       7644   27.53  15.15          2.92             82            4.2              121.66           NA 27110                        97.0
84                                      Italy                Europe      60885   14.04  26.97          1.45             82            3.8              157.93         98.9 32400                        99.6
85                                    Jamaica              Americas       2769   27.78  10.98          2.31             75           16.8              108.12         86.6    NA                        83.4
86                                      Japan       Western Pacific     127000   13.12  31.92          1.39             83            3.0              104.95           NA 35330                          NA
87                                     Jordan Eastern Mediterranean       7009   34.13   5.30          3.39             74           19.1              118.20         92.6  5930                        90.8
88                                 Kazakhstan                Europe      16271   25.46  10.04          2.52             67           18.7              155.74         99.7 11250                          NA
89                                      Kenya                Africa      43178   42.37   4.25          4.54             60           72.9               67.49         87.4  1710                          NA
90                                   Kiribati       Western Pacific        101   30.10   8.84          3.01             67           59.9               13.64           NA  3300                          NA
91                                     Kuwait Eastern Mediterranean       3250   24.90   3.80          2.65             80           11.0              175.09           NA    NA                          NA
92                                 Kyrgyzstan                Europe       5474   30.21   6.34          3.03             69           26.6              116.40           NA  2180                        95.5
93           Lao People's Democratic Republic       Western Pacific       6646   35.61   5.76          3.20             68           71.8               87.16           NA  2580                        98.1
94                                     Latvia                Europe       2060   14.57  24.24          1.57             74            8.7              102.94         99.8 17700                        95.0
95                                    Lebanon Eastern Mediterranean       4647   21.64  12.03          1.50             74            9.3               78.65           NA 14470                        93.5
96                                    Lesotho                Africa       2052   36.75   6.31          3.15             50           99.6               56.17         89.6  2050                        72.2
97                                    Liberia                Africa       4190   43.06   4.76          4.95             59           74.8               49.17         60.8   540                          NA
98                                      Libya Eastern Mediterranean       6155   29.45   6.96          2.47             65           15.4              155.70         89.2    NA                          NA
99                                  Lithuania                Europe       3028   15.13  20.57          1.49             74            5.4              151.30         99.7 19640                        95.6
100                                Luxembourg                Europe        524   17.46  19.15          1.65             82            2.2              148.27           NA 64260                        93.6
101                                Madagascar                Africa      22294   42.72   4.45          4.59             66           58.2               40.65           NA   950                          NA
102                                    Malawi                Africa      15906   45.44   4.92          5.55             58           71.0               25.69         74.8   870                          NA
103                                  Malaysia       Western Pacific      29240   26.65   8.21          1.99             74            8.5              127.04         93.1 15650                          NA
104                                  Maldives       South-East Asia        338   29.03   6.65          2.31             77           10.5              165.72           NA  7430                        96.5
105                                      Mali                Africa      14854   47.14   4.29          6.85             51          128.0               68.32         31.1  1040                        70.6
106                                     Malta                Europe        428   14.98  22.87          1.37             80            6.8              124.86           NA    NA                        93.3
107                          Marshall Islands       Western Pacific         53   30.10   8.84            NA             60           37.9                  NA           NA    NA                          NA
108                                Mauritania                Africa       3796   40.22   4.94          4.78             59           84.0               93.60         58.0  2400                        72.8
109                                 Mauritius                Africa       1240   20.17  13.23          1.51             74           15.1               99.04         88.5 14330                          NA
110                                    Mexico              Americas     121000   29.02   9.18          2.25             75           16.2               82.38         93.1 15390                        99.2
111          Micronesia (Federated States of)       Western Pacific        103   35.81   6.67          3.40             69           38.5                  NA           NA  3580                          NA
112                                    Monaco                Europe         38   18.26  23.82            NA             82            3.8               89.73           NA    NA                          NA
113                                  Mongolia       Western Pacific       2796   27.05   5.80          2.45             68           27.5              105.08         97.4  4290                        99.6
114                                Montenegro                Europe        621   19.01  18.58          1.69             76            5.9                  NA         98.4 13700                          NA
115                                   Morocco Eastern Mediterranean      32521   27.85   7.61          2.65             72           31.1              113.26           NA  4880                          NA
116                                Mozambique                Africa      25203   45.38   5.01          5.34             53           89.7               32.83         56.1   970                        94.6
117                                   Myanmar       South-East Asia      52797   25.28   8.15          1.98             65           52.3                2.57         92.3    NA                          NA
118                                   Namibia                Africa       2259   36.59   5.38          3.17             65           38.7               96.39         88.8  6560                        83.8
119                                     Nauru       Western Pacific         10   30.10   8.84            NA             71           37.1               65.00           NA    NA                          NA
120                                     Nepal       South-East Asia      27474   35.58   7.65          2.50             68           41.6               43.81         60.3  1260                          NA
121                               Netherlands                Europe      16714   17.21  23.02          1.76             81            4.1                  NA           NA 43140                          NA
122                               New Zealand       Western Pacific       4460   20.26  19.01          2.10             81            5.7              109.19           NA    NA                        99.3
123                                 Nicaragua              Americas       5992   33.37   6.59          2.59             73           24.4               82.15           NA  3730                        93.2
124                                     Niger                Africa      17157   49.99   4.26          7.58             56          113.5               29.52           NA   720                        64.2
125                                   Nigeria                Africa     169000   44.23   4.49          6.02             53          123.7               58.58         61.3  2290                        60.1
126                                      Niue       Western Pacific          1   30.61   9.07            NA             72           25.1                  NA           NA    NA                          NA
127                                    Norway                Europe       4994   18.64  21.41          1.93             81            2.8              115.62           NA 61460                        99.1
128                                      Oman Eastern Mediterranean       3314   24.19   3.99          2.90             72           11.6              168.97           NA    NA                          NA
129                                  Pakistan Eastern Mediterranean     179000   34.31   6.44          3.35             67           85.9               61.61           NA  2870                        81.3
130                                     Palau       Western Pacific         21   30.10   8.84            NA             72           20.8               74.94           NA 11080                          NA
131                                    Panama              Americas       3802   28.65  10.13          2.52             77           18.5              188.60         94.1 14510                        99.1
132                          Papua New Guinea       Western Pacific       7167   38.37   4.79          3.90             63           63.0               34.22         60.6  2570                          NA
133                                  Paraguay              Americas       6687   32.78   8.01          2.93             75           22.0               99.40         93.9  5390                        84.4
134                                      Peru              Americas      29988   29.18   9.12          2.48             77           18.2              110.41           NA  9440                        97.8
135                               Philippines       Western Pacific      96707   34.53   6.21          3.11             69           29.8               99.30           NA  4140                          NA
136                                    Poland                Europe      38211   14.91  20.48          1.39             76            5.0              130.97         99.5 20430                        96.9
137                                  Portugal                Europe      10604   14.92  24.39          1.33             80            3.6              115.39         95.2 24440                        99.1
138                                     Qatar Eastern Mediterranean       2051   13.28   1.73          2.06             82            7.4              123.11         96.3 86440                        95.7
139                         Republic of Korea       Western Pacific      49003   15.25  16.58          1.29             81            3.8              108.50           NA 30370                        99.3
140                       Republic of Moldova                Europe       3514   16.52  16.72          1.47             71           17.6              104.80         98.5  3640                        90.1
141                                   Romania                Europe      21755   15.05  20.66          1.39             74           12.2              109.16         97.7 15120                        87.9
142                        Russian Federation                Europe     143000   15.45  18.60          1.51             69           10.3              179.31         99.6 20560                          NA
143                                    Rwanda                Africa      11458   43.56   3.94          4.73             60           55.0               40.63         71.1  1270                          NA
144                     Saint Kitts and Nevis              Americas         54   25.96  12.35            NA             74            9.2                  NA           NA 16470                        85.8
145                               Saint Lucia              Americas        181   24.31  12.13          1.96             75           17.5              123.00           NA 11220                        90.2
146          Saint Vincent and the Grenadines              Americas        109   25.70   9.92          2.05             74           23.4              120.52           NA 10440                          NA
147                                     Samoa       Western Pacific        189   37.88   7.39          4.28             73           17.8                  NA         98.8  4270                        93.2
148                                San Marino                Europe         31   14.04  26.97            NA             83            3.3              111.75           NA    NA                          NA
149                     Sao Tome and Principe                Africa        188   41.60   4.76          4.22             63           53.2               68.26         89.2  2080                          NA
150                              Saudi Arabia Eastern Mediterranean      28288   29.69   4.59          2.76             76            8.6              191.24         86.6 24700                        96.7
151                                   Senegal                Africa      13726   43.54   4.57          5.02             61           59.6               73.25           NA  1940                        75.9
152                                    Serbia                Europe       9553   16.45  20.52          1.37             74            6.6              125.39         97.9 11540                        94.7
153                                Seychelles                Africa         92   21.95  10.05          2.23             74           13.1              145.71         91.8 25140                          NA
154                              Sierra Leone                Africa       5979   41.74   4.41          4.86             47          181.6               35.63         42.1   840                          NA
155                                 Singapore       Western Pacific       5303   16.48  15.13          1.27             82            2.9              150.24         95.9 59380                          NA
156                                  Slovakia                Europe       5446   15.00  18.60          1.37             76            7.5              109.35           NA 22130                          NA
157                                  Slovenia                Europe       2068   14.16  23.16          1.49             80            3.1              106.56         99.7 26510                        97.7
158                           Solomon Islands       Western Pacific        550   40.37   5.10          4.17             70           31.1               49.77           NA  2350                        87.7
159                                   Somalia Eastern Mediterranean      10195   47.35   4.46          6.77             50          147.4                6.85           NA    NA                          NA
160                              South Africa                Africa      52386   29.53   8.44          2.44             58           44.6              126.83           NA 10710                          NA
161                               South Sudan Eastern Mediterranean      10838   42.28   5.26          5.10             54          104.0                  NA           NA    NA                          NA
162                                     Spain                Europe      46755   15.20  22.86          1.47             82            4.5              113.22         97.7 31400                        99.7
163                                 Sri Lanka       South-East Asia      21098   25.15  12.40          2.35             75            9.6               87.05         91.2  5520                        93.9
164                                     Sudan Eastern Mediterranean      37195   41.48   4.99          4.56             62           73.1               56.14         71.1  2120                          NA
165                                  Suriname              Americas        535   27.83   9.55          2.32             72           20.8              178.88         94.7    NA                          NA
166                                 Swaziland                Africa       1231   38.05   5.34          3.48             50           79.7               63.70         87.4  5930                          NA
167                                    Sweden                Europe       9511   16.71  25.32          1.93             82            2.9              118.57           NA 42200                        99.7
168                               Switzerland                Europe       7997   14.79  23.25          1.51             83            4.3              131.43           NA 52570                        98.9
169                      Syrian Arab Republic Eastern Mediterranean      21890   35.35   6.09          3.04             75           15.1               63.17         83.4    NA                          NA
170                                Tajikistan                Europe       8009   35.75   4.80          3.81             68           58.3               90.64         99.7  2300                        99.5
171                                  Thailand       South-East Asia      66785   18.47  13.96          1.43             74           13.2              111.63           NA  8360                          NA
172 The former Yugoslav Republic of Macedonia                Europe       2106   16.89  17.56          1.44             75            7.4              107.24         97.3 11090                        97.3
173                               Timor-Leste       South-East Asia       1114   46.33   5.16          6.11             64           56.7               53.23         58.3    NA                        86.2
174                                      Togo                Africa       6643   41.89   4.44          4.75             56           95.5               50.45           NA  1040                          NA
175                                     Tonga       Western Pacific        105   37.33   7.96          3.86             72           12.8               52.63           NA  5000                          NA
176                       Trinidad and Tobago              Americas       1337   20.73  13.18          1.80             71           20.7              135.64         98.8    NA                        97.7
177                                   Tunisia Eastern Mediterranean      10875   23.22  10.49          2.04             76           16.1              116.93           NA  9030                          NA
178                                    Turkey                Europe      73997   26.00  10.56          2.08             76           14.2               88.70           NA 16940                        99.5
179                              Turkmenistan                Europe       5173   28.65   6.30          2.38             63           52.8               68.77         99.6  8690                          NA
180                                    Tuvalu       Western Pacific         10   30.61   9.07            NA             64           29.7               21.63           NA    NA                          NA
181                                    Uganda                Africa      36346   48.54   3.72          6.06             56           68.9               48.38         73.2  1310                        89.7
182                                   Ukraine                Europe      45530   14.18  20.76          1.45             71           10.7              122.98         99.7  7040                        90.8
183                      United Arab Emirates Eastern Mediterranean       9206   14.41   0.81          1.84             76            8.4              148.62           NA 47890                          NA
184                            United Kingdom                Europe      62783   17.54  23.06          1.90             80            4.8              130.75           NA 36010                        99.8
185               United Republic of Tanzania                Africa      47783   44.85   4.89          5.36             59           54.0               55.53         73.2  1500                          NA
186                  United States of America              Americas     318000   19.63  19.31          2.00             79            7.1               92.72           NA 48820                        95.4
187                                   Uruguay              Americas       3395   22.05  18.59          2.07             77            7.2              140.75         98.1 14640                          NA
188                                Uzbekistan                Europe      28541   28.90   6.38          2.38             68           39.6               91.65         99.4  3420                        93.3
189                                   Vanuatu       Western Pacific        247   37.37   6.02          3.46             72           17.9               55.76         82.6  4330                          NA
190        Venezuela (Bolivarian Republic of)              Americas      29955   28.84   9.17          2.44             75           15.3               97.78           NA 12430                        94.7
191                                  Viet Nam       Western Pacific      90796   22.87   9.32          1.79             75           23.0              143.39         93.2  3250                          NA
192                                     Yemen Eastern Mediterranean      23852   40.72   4.54          4.35             64           60.0               47.05         63.9  2170                        85.5
193                                    Zambia                Africa      14075   46.73   3.95          5.77             55           88.5               60.59         71.2  1490                        91.4
194                                  Zimbabwe                Africa      13724   40.24   5.68          3.64             54           89.8               72.13         92.2    NA                          NA
    PrimarySchoolEnrollmentFemale
1                              NA
2                              NA
3                            96.4
4                            79.4
5                            78.2
6                            84.5
7                              NA
8                              NA
9                            97.5
10                             NA
11                           84.1
12                             NA
13                             NA
14                             NA
15                             NA
16                             NA
17                           99.2
18                             NA
19                             NA
20                           91.5
21                           91.5
22                           88.4
23                             NA
24                             NA
25                             NA
26                           99.7
27                           55.9
28                             NA
29                           95.4
30                           87.4
31                             NA
32                           92.4
33                           60.6
34                             NA
35                           94.4
36                             NA
37                           91.3
38                             NA
39                           89.3
40                           99.3
41                             NA
42                             NA
43                           97.0
44                           99.7
45                           99.5
46                             NA
47                             NA
48                             NA
49                           96.9
50                             NA
51                             NA
52                           90.4
53                             NA
54                             NA
55                           95.5
56                           56.0
57                           32.5
58                           97.0
59                           79.5
60                             NA
61                           97.9
62                           99.3
63                             NA
64                           70.4
65                             NA
66                             NA
67                             NA
68                           99.3
69                             NA
70                           97.5
71                           72.1
72                           73.3
73                           85.9
74                             NA
75                           97.0
76                           98.3
77                           99.2
78                             NA
79                             NA
80                             NA
81                             NA
82                          100.0
83                           97.8
84                           98.5
85                           81.4
86                             NA
87                           90.7
88                             NA
89                             NA
90                             NA
91                             NA
92                           95.1
93                           95.4
94                           96.8
95                           92.9
96                           75.3
97                             NA
98                             NA
99                           95.8
100                          95.7
101                            NA
102                            NA
103                            NA
104                          96.5
105                          60.8
106                          94.3
107                            NA
108                          76.0
109                            NA
110                          99.9
111                            NA
112                            NA
113                          98.5
114                            NA
115                            NA
116                          89.4
117                            NA
118                          88.5
119                            NA
120                            NA
121                            NA
122                          99.6
123                          94.5
124                          52.0
125                          54.8
126                            NA
127                          99.2
128                            NA
129                          66.5
130                            NA
131                          98.2
132                            NA
133                          83.9
134                          98.5
135                            NA
136                          96.7
137                          99.7
138                          96.6
139                          98.4
140                          90.1
141                          87.3
142                            NA
143                            NA
144                          86.2
145                          89.2
146                            NA
147                          97.1
148                            NA
149                            NA
150                          96.5
151                          80.2
152                          94.4
153                            NA
154                            NA
155                            NA
156                            NA
157                          97.3
158                          87.3
159                            NA
160                            NA
161                            NA
162                          99.8
163                          94.4
164                            NA
165                            NA
166                            NA
167                          99.0
168                          99.5
169                            NA
170                          96.0
171                            NA
172                          99.2
173                          85.6
174                            NA
175                            NA
176                          97.0
177                            NA
178                          98.3
179                            NA
180                            NA
181                          92.3
182                          91.5
183                            NA
184                          99.6
185                            NA
186                          96.1
187                            NA
188                          91.0
189                            NA
190                          95.1
191                            NA
192                          70.5
193                          93.9
194                            NA
> write.csv("WHO_Europe")
"","x"
"1","WHO_Europe"
> write.csv("WHO_Europe", "WHO_Europe.csv")
> ls()
 [1] "CiybtryData"    "Country"        "CountryData"    "HoursYear"      "LifeExepctancy" "LifeExpectancy" "NewCountryData" "Population"     "SquareRoot2"    "WHO"            "WHO_Europe"     "country"       
[13] "ratings"       
> rm("WHO")
> ls()
 [1] "CiybtryData"    "Country"        "CountryData"    "HoursYear"      "LifeExepctancy" "LifeExpectancy" "NewCountryData" "Population"     "SquareRoot2"    "WHO_Europe"     "country"        "ratings"       
> Under15
Error: object 'Under15' not found
> WHO$Under15
Error: object 'WHO' not found
> WHO$Under15
Error: object 'WHO' not found
> WHO_Europe$Under15
  [1] 47.42 21.33 27.42 15.20 47.58 25.96 24.42 20.34 18.95 14.51 22.25 21.62 20.16 30.57 18.99 15.10 16.88 34.40 42.95 28.53 35.23 16.35 33.75 24.56 25.75 13.53 45.66 44.20 31.23 43.08 16.37 30.17 40.07 48.52
 [35] 21.38 17.95 28.03 42.17 42.37 30.61 23.94 41.48 14.98 16.58 17.16 14.56 21.98 45.11 17.66 33.72 25.96 30.53 30.29 31.25 30.62 38.95 43.10 15.69 43.29 28.88 16.42 18.26 38.49 45.90 17.62 13.17 38.59 14.60
 [69] 26.96 40.80 42.46 41.55 36.77 35.35 35.72 14.62 20.71 29.43 29.27 23.68 40.51 21.54 27.53 14.04 27.78 13.12 34.13 25.46 42.37 30.10 24.90 30.21 35.61 14.57 21.64 36.75 43.06 29.45 15.13 17.46 42.72 45.44
[103] 26.65 29.03 47.14 14.98 30.10 40.22 20.17 29.02 35.81 18.26 27.05 19.01 27.85 45.38 25.28 36.59 30.10 35.58 17.21 20.26 33.37 49.99 44.23 30.61 18.64 24.19 34.31 30.10 28.65 38.37 32.78 29.18 34.53 14.91
[137] 14.92 13.28 15.25 16.52 15.05 15.45 43.56 25.96 24.31 25.70 37.88 14.04 41.60 29.69 43.54 16.45 21.95 41.74 16.48 15.00 14.16 40.37 47.35 29.53 42.28 15.20 25.15 41.48 27.83 38.05 16.71 14.79 35.35 35.75
[171] 18.47 16.89 46.33 41.89 37.33 20.73 23.22 26.00 28.65 30.61 48.54 14.18 14.41 17.54 44.85 19.63 22.05 28.90 37.37 28.84 22.87 40.72 46.73 40.24
> WHO = read.csv("WHO.csv")
> WHO
                                      Country                Region Population Under15 Over60 FertilityRate LifeExpectancy ChildMortality CellularSubscribers LiteracyRate   GNI PrimarySchoolEnrollmentMale
1                                 Afghanistan Eastern Mediterranean      29825   47.42   3.82          5.40             60           98.5               54.26           NA  1140                          NA
2                                     Albania                Europe       3162   21.33  14.93          1.75             74           16.7               96.39           NA  8820                          NA
3                                     Algeria                Africa      38482   27.42   7.17          2.83             73           20.0               98.99           NA  8310                        98.2
4                                     Andorra                Europe         78   15.20  22.86            NA             82            3.2               75.49           NA    NA                        78.4
5                                      Angola                Africa      20821   47.58   3.84          6.10             51          163.5               48.38         70.1  5230                        93.1
6                         Antigua and Barbuda              Americas         89   25.96  12.35          2.12             75            9.9              196.41         99.0 17900                        91.1
7                                   Argentina              Americas      41087   24.42  14.97          2.20             76           14.2              134.92         97.8 17130                          NA
8                                     Armenia                Europe       2969   20.34  14.06          1.74             71           16.4              103.57         99.6  6100                          NA
9                                   Australia       Western Pacific      23050   18.95  19.46          1.89             82            4.9              108.34           NA 38110                        96.9
10                                    Austria                Europe       8464   14.51  23.52          1.44             81            4.0              154.78           NA 42050                          NA
11                                 Azerbaijan                Europe       9309   22.25   8.24          1.96             71           35.2              108.75           NA  8960                        85.3
12                                    Bahamas              Americas        372   21.62  11.24          1.90             75           16.9               86.06           NA    NA                          NA
13                                    Bahrain Eastern Mediterranean       1318   20.16   3.38          2.12             79            9.6              127.96         91.9    NA                          NA
14                                 Bangladesh       South-East Asia     155000   30.57   6.89          2.24             70           40.9               56.06         56.8  1940                          NA
15                                   Barbados              Americas        283   18.99  15.78          1.84             78           18.4              127.01           NA    NA                          NA
16                                    Belarus                Europe       9405   15.10  19.31          1.47             71            5.2              111.88           NA 14460                          NA
17                                    Belgium                Europe      11060   16.88  23.81          1.85             80            4.2              116.61           NA 39190                        98.9
18                                     Belize              Americas        324   34.40   5.74          2.76             74           18.3               69.96           NA  6090                          NA
19                                      Benin                Africa      10051   42.95   4.54          5.01             57           89.5               85.33         42.4  1620                          NA
20                                     Bhutan       South-East Asia        742   28.53   6.90          2.32             67           44.6               65.58           NA  5570                        88.3
21           Bolivia (Plurinational State of)              Americas      10496   35.23   7.28          3.31             67           41.4               82.82           NA  4890                        91.2
22                     Bosnia and Herzegovina                Europe       3834   16.35  20.52          1.26             76            6.7               84.52         97.9  9190                        86.5
23                                   Botswana                Africa       2004   33.75   5.63          2.71             66           53.3              142.82         84.5 14550                          NA
24                                     Brazil              Americas     199000   24.56  10.81          1.82             74           14.4              124.26           NA 11420                          NA
25                          Brunei Darussalam       Western Pacific        412   25.75   7.03          2.03             77            8.0              109.17         95.2    NA                          NA
26                                   Bulgaria                Europe       7278   13.53  26.11          1.51             74           12.1              140.68           NA 14160                        99.3
27                               Burkina Faso                Africa      16460   45.66   3.88          5.78             56          102.4               45.27           NA  1300                        60.7
28                                    Burundi                Africa       9850   44.20   3.87          6.21             53          104.3               22.33         67.2   610                          NA
29                                   Cambodia       Western Pacific      14865   31.23   7.67          2.93             65           39.7               96.17           NA  2230                        96.4
30                                   Cameroon                Africa      21700   43.08   4.89          4.94             53           94.9               52.35           NA  2330                        99.6
31                                     Canada              Americas      34838   16.37  20.82          1.66             82            5.3               79.73           NA 39660                          NA
32                                 Cape Verde                Africa        494   30.17   7.05          2.38             72           22.2               79.19         84.3  3980                        94.6
33                   Central African Republic                Africa       4525   40.07   5.74          4.54             48          128.6               40.65         56.0   810                        81.3
34                                       Chad                Africa      12448   48.52   3.80          6.49             51          149.8               31.80         34.5  1360                          NA
35                                      Chile              Americas      17465   21.38  13.80          1.84             79            9.1              129.71           NA 16330                        94.3
36                                      China       Western Pacific    1390000   17.95  13.42          1.66             76           14.0               73.19         94.3  8390                          NA
37                                   Colombia              Americas      47704   28.03   9.19          2.35             78           17.6               98.45         93.4  9560                        91.7
38                                    Comoros                Africa        718   42.17   4.50          4.85             62           77.6               28.71         74.9  1110                          NA
39                                      Congo                Africa       4337   42.37   5.13          5.05             58           96.0               93.84           NA  3240                        92.3
40                               Cook Islands       Western Pacific         21   30.61   9.07            NA             77           10.6                  NA           NA    NA                        97.6
41                                 Costa Rica              Americas       4805   23.94  10.15          1.83             79            9.9               92.20         96.2 11860                          NA
42                                Ivory Coast                Africa      19840   41.48   5.10          4.91             56          107.6               86.06         56.2  1710                          NA
43                                    Croatia                Europe       4307   14.98  24.69          1.48             77            4.7              116.37         98.8 18760                        94.8
44                                       Cuba              Americas      11271   16.58  17.95          1.46             78            5.5               11.69         99.8    NA                       100.0
45                                     Cyprus                Europe       1129   17.16  16.92          1.47             81            3.2               97.71         98.3    NA                        99.1
46                             Czech Republic                Europe      10660   14.56  23.23          1.53             78            3.8              123.44           NA 24370                          NA
47      Democratic People's Republic of Korea       South-East Asia      24763   21.98  12.74          2.00             69           28.8                4.09           NA    NA                          NA
48           Democratic Republic of the Congo                Africa      65705   45.11   4.51          6.15             49          145.7               23.09         66.8   340                          NA
49                                    Denmark                Europe       5598   17.66  23.90          1.88             79            3.7              128.47           NA 41900                        94.8
50                                   Djibouti Eastern Mediterranean        860   33.72   5.96          3.53             58           80.9               21.32           NA    NA                          NA
51                                   Dominica              Americas         72   25.96  12.35            NA             74           12.6              164.02           NA 13000                          NA
52                         Dominican Republic              Americas      10277   30.53   8.97          2.55             73           27.1               87.22         89.5  9420                        95.5
53                                    Ecuador              Americas      15492   30.29   9.21          2.62             76           23.3              104.55         91.9  8510                          NA
54                                      Egypt Eastern Mediterranean      80722   31.25   8.62          2.85             73           21.0              101.08         72.0  6120                          NA
55                                El Salvador              Americas       6297   30.62   9.64          2.24             72           15.9              133.54         84.5  6640                        95.2
56                          Equatorial Guinea                Africa        736   38.95   4.53          5.04             54          100.3               59.15         93.9 25620                        56.5
57                                    Eritrea                Africa       6131   43.10   3.73          4.88             61           51.8                4.47         67.8   580                        37.2
58                                    Estonia                Europe       1291   15.69  23.92          1.62             76            3.6              138.98         99.8 20850                        97.7
59                                   Ethiopia                Africa      91729   43.29   5.17          4.77             60           68.3               16.67           NA  1110                        84.8
60                                       Fiji       Western Pacific        875   28.88   8.38          2.64             70           22.4               83.72           NA  4610                          NA
61                                    Finland                Europe       5408   16.42  25.90          1.85             81            2.9              166.02           NA 37670                        97.7
62                                     France                Europe      63937   18.26  23.82          1.98             82            4.1               94.79           NA 35910                        99.1
63                                      Gabon                Africa       1633   38.49   7.38          4.18             62           62.0              117.32         88.4 13740                          NA
64                                     Gambia                Africa       1791   45.90   3.72          5.79             58           72.9               78.89         50.0  1750                        68.2
65                                    Georgia                Europe       4358   17.62  19.47          1.82             72           19.9              102.31         99.7  5350                          NA
66                                    Germany                Europe      82800   13.17  26.72          1.40             81            4.1              132.30           NA 40230                          NA
67                                      Ghana                Africa      25366   38.59   5.40          3.99             64           72.0               84.78         67.3  1810                          NA
68                                     Greece                Europe      11125   14.60  25.41          1.51             81            4.8              106.48         97.2 25100                        98.8
69                                    Grenada              Americas        105   26.96   9.72          2.22             74           13.5                  NA           NA 10350                          NA
70                                  Guatemala              Americas      15083   40.80   6.56          3.91             69           32.0              140.38         75.2  4760                        98.6
71                                     Guinea                Africa      11451   42.46   5.03          5.09             55          101.2               44.02         41.0  1020                        85.2
72                              Guinea-Bissau                Africa       1664   41.55   5.06          5.05             50          129.1               56.18         54.2  1240                        76.7
73                                     Guyana              Americas        795   36.77   5.18          2.64             63           35.2               69.94           NA    NA                        82.4
74                                      Haiti              Americas      10174   35.35   6.70          3.28             63           75.6               41.49           NA  1180                          NA
75                                   Honduras              Americas       7936   35.72   6.41          3.10             74           22.9              103.97         84.8  3820                        94.8
76                                    Hungary                Europe       9976   14.62  23.41          1.38             75            6.2              117.30         99.0 20310                        97.8
77                                    Iceland                Europe        326   20.71  17.62          2.11             82            2.3              106.08           NA 31020                        98.8
78                                      India       South-East Asia    1240000   29.43   8.10          2.53             65           56.3               72.00           NA  3590                          NA
79                                  Indonesia       South-East Asia     247000   29.27   7.86          2.40             69           31.0              103.09           NA  4500                          NA
80                 Iran (Islamic Republic of) Eastern Mediterranean      76424   23.68   7.82          1.91             73           17.6               74.93           NA    NA                          NA
81                                       Iraq Eastern Mediterranean      32778   40.51   4.95          4.15             69           34.4               78.12         78.2  3750                          NA
82                                    Ireland                Europe       4576   21.54  16.59          2.00             81            4.0              108.41           NA 34180                        99.4
83                                     Israel                Europe       7644   27.53  15.15          2.92             82            4.2              121.66           NA 27110                        97.0
84                                      Italy                Europe      60885   14.04  26.97          1.45             82            3.8              157.93         98.9 32400                        99.6
85                                    Jamaica              Americas       2769   27.78  10.98          2.31             75           16.8              108.12         86.6    NA                        83.4
86                                      Japan       Western Pacific     127000   13.12  31.92          1.39             83            3.0              104.95           NA 35330                          NA
87                                     Jordan Eastern Mediterranean       7009   34.13   5.30          3.39             74           19.1              118.20         92.6  5930                        90.8
88                                 Kazakhstan                Europe      16271   25.46  10.04          2.52             67           18.7              155.74         99.7 11250                          NA
89                                      Kenya                Africa      43178   42.37   4.25          4.54             60           72.9               67.49         87.4  1710                          NA
90                                   Kiribati       Western Pacific        101   30.10   8.84          3.01             67           59.9               13.64           NA  3300                          NA
91                                     Kuwait Eastern Mediterranean       3250   24.90   3.80          2.65             80           11.0              175.09           NA    NA                          NA
92                                 Kyrgyzstan                Europe       5474   30.21   6.34          3.03             69           26.6              116.40           NA  2180                        95.5
93           Lao People's Democratic Republic       Western Pacific       6646   35.61   5.76          3.20             68           71.8               87.16           NA  2580                        98.1
94                                     Latvia                Europe       2060   14.57  24.24          1.57             74            8.7              102.94         99.8 17700                        95.0
95                                    Lebanon Eastern Mediterranean       4647   21.64  12.03          1.50             74            9.3               78.65           NA 14470                        93.5
96                                    Lesotho                Africa       2052   36.75   6.31          3.15             50           99.6               56.17         89.6  2050                        72.2
97                                    Liberia                Africa       4190   43.06   4.76          4.95             59           74.8               49.17         60.8   540                          NA
98                                      Libya Eastern Mediterranean       6155   29.45   6.96          2.47             65           15.4              155.70         89.2    NA                          NA
99                                  Lithuania                Europe       3028   15.13  20.57          1.49             74            5.4              151.30         99.7 19640                        95.6
100                                Luxembourg                Europe        524   17.46  19.15          1.65             82            2.2              148.27           NA 64260                        93.6
101                                Madagascar                Africa      22294   42.72   4.45          4.59             66           58.2               40.65           NA   950                          NA
102                                    Malawi                Africa      15906   45.44   4.92          5.55             58           71.0               25.69         74.8   870                          NA
103                                  Malaysia       Western Pacific      29240   26.65   8.21          1.99             74            8.5              127.04         93.1 15650                          NA
104                                  Maldives       South-East Asia        338   29.03   6.65          2.31             77           10.5              165.72           NA  7430                        96.5
105                                      Mali                Africa      14854   47.14   4.29          6.85             51          128.0               68.32         31.1  1040                        70.6
106                                     Malta                Europe        428   14.98  22.87          1.37             80            6.8              124.86           NA    NA                        93.3
107                          Marshall Islands       Western Pacific         53   30.10   8.84            NA             60           37.9                  NA           NA    NA                          NA
108                                Mauritania                Africa       3796   40.22   4.94          4.78             59           84.0               93.60         58.0  2400                        72.8
109                                 Mauritius                Africa       1240   20.17  13.23          1.51             74           15.1               99.04         88.5 14330                          NA
110                                    Mexico              Americas     121000   29.02   9.18          2.25             75           16.2               82.38         93.1 15390                        99.2
111          Micronesia (Federated States of)       Western Pacific        103   35.81   6.67          3.40             69           38.5                  NA           NA  3580                          NA
112                                    Monaco                Europe         38   18.26  23.82            NA             82            3.8               89.73           NA    NA                          NA
113                                  Mongolia       Western Pacific       2796   27.05   5.80          2.45             68           27.5              105.08         97.4  4290                        99.6
114                                Montenegro                Europe        621   19.01  18.58          1.69             76            5.9                  NA         98.4 13700                          NA
115                                   Morocco Eastern Mediterranean      32521   27.85   7.61          2.65             72           31.1              113.26           NA  4880                          NA
116                                Mozambique                Africa      25203   45.38   5.01          5.34             53           89.7               32.83         56.1   970                        94.6
117                                   Myanmar       South-East Asia      52797   25.28   8.15          1.98             65           52.3                2.57         92.3    NA                          NA
118                                   Namibia                Africa       2259   36.59   5.38          3.17             65           38.7               96.39         88.8  6560                        83.8
119                                     Nauru       Western Pacific         10   30.10   8.84            NA             71           37.1               65.00           NA    NA                          NA
120                                     Nepal       South-East Asia      27474   35.58   7.65          2.50             68           41.6               43.81         60.3  1260                          NA
121                               Netherlands                Europe      16714   17.21  23.02          1.76             81            4.1                  NA           NA 43140                          NA
122                               New Zealand       Western Pacific       4460   20.26  19.01          2.10             81            5.7              109.19           NA    NA                        99.3
123                                 Nicaragua              Americas       5992   33.37   6.59          2.59             73           24.4               82.15           NA  3730                        93.2
124                                     Niger                Africa      17157   49.99   4.26          7.58             56          113.5               29.52           NA   720                        64.2
125                                   Nigeria                Africa     169000   44.23   4.49          6.02             53          123.7               58.58         61.3  2290                        60.1
126                                      Niue       Western Pacific          1   30.61   9.07            NA             72           25.1                  NA           NA    NA                          NA
127                                    Norway                Europe       4994   18.64  21.41          1.93             81            2.8              115.62           NA 61460                        99.1
128                                      Oman Eastern Mediterranean       3314   24.19   3.99          2.90             72           11.6              168.97           NA    NA                          NA
129                                  Pakistan Eastern Mediterranean     179000   34.31   6.44          3.35             67           85.9               61.61           NA  2870                        81.3
130                                     Palau       Western Pacific         21   30.10   8.84            NA             72           20.8               74.94           NA 11080                          NA
131                                    Panama              Americas       3802   28.65  10.13          2.52             77           18.5              188.60         94.1 14510                        99.1
132                          Papua New Guinea       Western Pacific       7167   38.37   4.79          3.90             63           63.0               34.22         60.6  2570                          NA
133                                  Paraguay              Americas       6687   32.78   8.01          2.93             75           22.0               99.40         93.9  5390                        84.4
134                                      Peru              Americas      29988   29.18   9.12          2.48             77           18.2              110.41           NA  9440                        97.8
135                               Philippines       Western Pacific      96707   34.53   6.21          3.11             69           29.8               99.30           NA  4140                          NA
136                                    Poland                Europe      38211   14.91  20.48          1.39             76            5.0              130.97         99.5 20430                        96.9
137                                  Portugal                Europe      10604   14.92  24.39          1.33             80            3.6              115.39         95.2 24440                        99.1
138                                     Qatar Eastern Mediterranean       2051   13.28   1.73          2.06             82            7.4              123.11         96.3 86440                        95.7
139                         Republic of Korea       Western Pacific      49003   15.25  16.58          1.29             81            3.8              108.50           NA 30370                        99.3
140                       Republic of Moldova                Europe       3514   16.52  16.72          1.47             71           17.6              104.80         98.5  3640                        90.1
141                                   Romania                Europe      21755   15.05  20.66          1.39             74           12.2              109.16         97.7 15120                        87.9
142                        Russian Federation                Europe     143000   15.45  18.60          1.51             69           10.3              179.31         99.6 20560                          NA
143                                    Rwanda                Africa      11458   43.56   3.94          4.73             60           55.0               40.63         71.1  1270                          NA
144                     Saint Kitts and Nevis              Americas         54   25.96  12.35            NA             74            9.2                  NA           NA 16470                        85.8
145                               Saint Lucia              Americas        181   24.31  12.13          1.96             75           17.5              123.00           NA 11220                        90.2
146          Saint Vincent and the Grenadines              Americas        109   25.70   9.92          2.05             74           23.4              120.52           NA 10440                          NA
147                                     Samoa       Western Pacific        189   37.88   7.39          4.28             73           17.8                  NA         98.8  4270                        93.2
148                                San Marino                Europe         31   14.04  26.97            NA             83            3.3              111.75           NA    NA                          NA
149                     Sao Tome and Principe                Africa        188   41.60   4.76          4.22             63           53.2               68.26         89.2  2080                          NA
150                              Saudi Arabia Eastern Mediterranean      28288   29.69   4.59          2.76             76            8.6              191.24         86.6 24700                        96.7
151                                   Senegal                Africa      13726   43.54   4.57          5.02             61           59.6               73.25           NA  1940                        75.9
152                                    Serbia                Europe       9553   16.45  20.52          1.37             74            6.6              125.39         97.9 11540                        94.7
153                                Seychelles                Africa         92   21.95  10.05          2.23             74           13.1              145.71         91.8 25140                          NA
154                              Sierra Leone                Africa       5979   41.74   4.41          4.86             47          181.6               35.63         42.1   840                          NA
155                                 Singapore       Western Pacific       5303   16.48  15.13          1.27             82            2.9              150.24         95.9 59380                          NA
156                                  Slovakia                Europe       5446   15.00  18.60          1.37             76            7.5              109.35           NA 22130                          NA
157                                  Slovenia                Europe       2068   14.16  23.16          1.49             80            3.1              106.56         99.7 26510                        97.7
158                           Solomon Islands       Western Pacific        550   40.37   5.10          4.17             70           31.1               49.77           NA  2350                        87.7
159                                   Somalia Eastern Mediterranean      10195   47.35   4.46          6.77             50          147.4                6.85           NA    NA                          NA
160                              South Africa                Africa      52386   29.53   8.44          2.44             58           44.6              126.83           NA 10710                          NA
161                               South Sudan Eastern Mediterranean      10838   42.28   5.26          5.10             54          104.0                  NA           NA    NA                          NA
162                                     Spain                Europe      46755   15.20  22.86          1.47             82            4.5              113.22         97.7 31400                        99.7
163                                 Sri Lanka       South-East Asia      21098   25.15  12.40          2.35             75            9.6               87.05         91.2  5520                        93.9
164                                     Sudan Eastern Mediterranean      37195   41.48   4.99          4.56             62           73.1               56.14         71.1  2120                          NA
165                                  Suriname              Americas        535   27.83   9.55          2.32             72           20.8              178.88         94.7    NA                          NA
166                                 Swaziland                Africa       1231   38.05   5.34          3.48             50           79.7               63.70         87.4  5930                          NA
167                                    Sweden                Europe       9511   16.71  25.32          1.93             82            2.9              118.57           NA 42200                        99.7
168                               Switzerland                Europe       7997   14.79  23.25          1.51             83            4.3              131.43           NA 52570                        98.9
169                      Syrian Arab Republic Eastern Mediterranean      21890   35.35   6.09          3.04             75           15.1               63.17         83.4    NA                          NA
170                                Tajikistan                Europe       8009   35.75   4.80          3.81             68           58.3               90.64         99.7  2300                        99.5
171                                  Thailand       South-East Asia      66785   18.47  13.96          1.43             74           13.2              111.63           NA  8360                          NA
172 The former Yugoslav Republic of Macedonia                Europe       2106   16.89  17.56          1.44             75            7.4              107.24         97.3 11090                        97.3
173                               Timor-Leste       South-East Asia       1114   46.33   5.16          6.11             64           56.7               53.23         58.3    NA                        86.2
174                                      Togo                Africa       6643   41.89   4.44          4.75             56           95.5               50.45           NA  1040                          NA
175                                     Tonga       Western Pacific        105   37.33   7.96          3.86             72           12.8               52.63           NA  5000                          NA
176                       Trinidad and Tobago              Americas       1337   20.73  13.18          1.80             71           20.7              135.64         98.8    NA                        97.7
177                                   Tunisia Eastern Mediterranean      10875   23.22  10.49          2.04             76           16.1              116.93           NA  9030                          NA
178                                    Turkey                Europe      73997   26.00  10.56          2.08             76           14.2               88.70           NA 16940                        99.5
179                              Turkmenistan                Europe       5173   28.65   6.30          2.38             63           52.8               68.77         99.6  8690                          NA
180                                    Tuvalu       Western Pacific         10   30.61   9.07            NA             64           29.7               21.63           NA    NA                          NA
181                                    Uganda                Africa      36346   48.54   3.72          6.06             56           68.9               48.38         73.2  1310                        89.7
182                                   Ukraine                Europe      45530   14.18  20.76          1.45             71           10.7              122.98         99.7  7040                        90.8
183                      United Arab Emirates Eastern Mediterranean       9206   14.41   0.81          1.84             76            8.4              148.62           NA 47890                          NA
184                            United Kingdom                Europe      62783   17.54  23.06          1.90             80            4.8              130.75           NA 36010                        99.8
185               United Republic of Tanzania                Africa      47783   44.85   4.89          5.36             59           54.0               55.53         73.2  1500                          NA
186                  United States of America              Americas     318000   19.63  19.31          2.00             79            7.1               92.72           NA 48820                        95.4
187                                   Uruguay              Americas       3395   22.05  18.59          2.07             77            7.2              140.75         98.1 14640                          NA
188                                Uzbekistan                Europe      28541   28.90   6.38          2.38             68           39.6               91.65         99.4  3420                        93.3
189                                   Vanuatu       Western Pacific        247   37.37   6.02          3.46             72           17.9               55.76         82.6  4330                          NA
190        Venezuela (Bolivarian Republic of)              Americas      29955   28.84   9.17          2.44             75           15.3               97.78           NA 12430                        94.7
191                                  Viet Nam       Western Pacific      90796   22.87   9.32          1.79             75           23.0              143.39         93.2  3250                          NA
192                                     Yemen Eastern Mediterranean      23852   40.72   4.54          4.35             64           60.0               47.05         63.9  2170                        85.5
193                                    Zambia                Africa      14075   46.73   3.95          5.77             55           88.5               60.59         71.2  1490                        91.4
194                                  Zimbabwe                Africa      13724   40.24   5.68          3.64             54           89.8               72.13         92.2    NA                          NA
    PrimarySchoolEnrollmentFemale
1                              NA
2                              NA
3                            96.4
4                            79.4
5                            78.2
6                            84.5
7                              NA
8                              NA
9                            97.5
10                             NA
11                           84.1
12                             NA
13                             NA
14                             NA
15                             NA
16                             NA
17                           99.2
18                             NA
19                             NA
20                           91.5
21                           91.5
22                           88.4
23                             NA
24                             NA
25                             NA
26                           99.7
27                           55.9
28                             NA
29                           95.4
30                           87.4
31                             NA
32                           92.4
33                           60.6
34                             NA
35                           94.4
36                             NA
37                           91.3
38                             NA
39                           89.3
40                           99.3
41                             NA
42                             NA
43                           97.0
44                           99.7
45                           99.5
46                             NA
47                             NA
48                             NA
49                           96.9
50                             NA
51                             NA
52                           90.4
53                             NA
54                             NA
55                           95.5
56                           56.0
57                           32.5
58                           97.0
59                           79.5
60                             NA
61                           97.9
62                           99.3
63                             NA
64                           70.4
65                             NA
66                             NA
67                             NA
68                           99.3
69                             NA
70                           97.5
71                           72.1
72                           73.3
73                           85.9
74                             NA
75                           97.0
76                           98.3
77                           99.2
78                             NA
79                             NA
80                             NA
81                             NA
82                          100.0
83                           97.8
84                           98.5
85                           81.4
86                             NA
87                           90.7
88                             NA
89                             NA
90                             NA
91                             NA
92                           95.1
93                           95.4
94                           96.8
95                           92.9
96                           75.3
97                             NA
98                             NA
99                           95.8
100                          95.7
101                            NA
102                            NA
103                            NA
104                          96.5
105                          60.8
106                          94.3
107                            NA
108                          76.0
109                            NA
110                          99.9
111                            NA
112                            NA
113                          98.5
114                            NA
115                            NA
116                          89.4
117                            NA
118                          88.5
119                            NA
120                            NA
121                            NA
122                          99.6
123                          94.5
124                          52.0
125                          54.8
126                            NA
127                          99.2
128                            NA
129                          66.5
130                            NA
131                          98.2
132                            NA
133                          83.9
134                          98.5
135                            NA
136                          96.7
137                          99.7
138                          96.6
139                          98.4
140                          90.1
141                          87.3
142                            NA
143                            NA
144                          86.2
145                          89.2
146                            NA
147                          97.1
148                            NA
149                            NA
150                          96.5
151                          80.2
152                          94.4
153                            NA
154                            NA
155                            NA
156                            NA
157                          97.3
158                          87.3
159                            NA
160                            NA
161                            NA
162                          99.8
163                          94.4
164                            NA
165                            NA
166                            NA
167                          99.0
168                          99.5
169                            NA
170                          96.0
171                            NA
172                          99.2
173                          85.6
174                            NA
175                            NA
176                          97.0
177                            NA
178                          98.3
179                            NA
180                            NA
181                          92.3
182                          91.5
183                            NA
184                          99.6
185                            NA
186                          96.1
187                            NA
188                          91.0
189                            NA
190                          95.1
191                            NA
192                          70.5
193                          93.9
194                            NA
> WHO$Under15
  [1] 47.42 21.33 27.42 15.20 47.58 25.96 24.42 20.34 18.95 14.51 22.25 21.62 20.16 30.57 18.99 15.10 16.88 34.40 42.95 28.53 35.23 16.35 33.75 24.56 25.75 13.53 45.66 44.20 31.23 43.08 16.37 30.17 40.07 48.52
 [35] 21.38 17.95 28.03 42.17 42.37 30.61 23.94 41.48 14.98 16.58 17.16 14.56 21.98 45.11 17.66 33.72 25.96 30.53 30.29 31.25 30.62 38.95 43.10 15.69 43.29 28.88 16.42 18.26 38.49 45.90 17.62 13.17 38.59 14.60
 [69] 26.96 40.80 42.46 41.55 36.77 35.35 35.72 14.62 20.71 29.43 29.27 23.68 40.51 21.54 27.53 14.04 27.78 13.12 34.13 25.46 42.37 30.10 24.90 30.21 35.61 14.57 21.64 36.75 43.06 29.45 15.13 17.46 42.72 45.44
[103] 26.65 29.03 47.14 14.98 30.10 40.22 20.17 29.02 35.81 18.26 27.05 19.01 27.85 45.38 25.28 36.59 30.10 35.58 17.21 20.26 33.37 49.99 44.23 30.61 18.64 24.19 34.31 30.10 28.65 38.37 32.78 29.18 34.53 14.91
[137] 14.92 13.28 15.25 16.52 15.05 15.45 43.56 25.96 24.31 25.70 37.88 14.04 41.60 29.69 43.54 16.45 21.95 41.74 16.48 15.00 14.16 40.37 47.35 29.53 42.28 15.20 25.15 41.48 27.83 38.05 16.71 14.79 35.35 35.75
[171] 18.47 16.89 46.33 41.89 37.33 20.73 23.22 26.00 28.65 30.61 48.54 14.18 14.41 17.54 44.85 19.63 22.05 28.90 37.37 28.84 22.87 40.72 46.73 40.24
> mean(Who_Under15)
Error in mean(Who_Under15) : object 'Who_Under15' not found
> mean(WHO$Under15)
[1] 28.73242
> mean(WHO$Under15)
[1] 28.73242
> sd(WHO$Under15)
[1] 10.53457
> summary(WHO$Under15)
   Min. 1st Qu.  Median    Mean 3rd Qu.    Max. 
  13.12   18.72   28.65   28.73   37.75   49.99 
> which.min(WHO$Under15)
[1] 86
> WHO$Country[86]
[1] Japan
194 Levels: Afghanistan Albania Algeria Andorra Angola Antigua and Barbuda Argentina Armenia Australia Austria Azerbaijan Bahamas Bahrain Bangladesh Barbados Belarus Belgium Belize Benin ... Zimbabwe
> which.max(WHO$Under15)
[1] 124
> WHO$Country[124]
[1] Niger
194 Levels: Afghanistan Albania Algeria Andorra Angola Antigua and Barbuda Argentina Armenia Australia Austria Azerbaijan Bahamas Bahrain Bangladesh Barbados Belarus Belgium Belize Benin ... Zimbabwe
> plot(WHO$GNI, WHO$FertilityRate)
> outlier = subset(WHO, GNI>10000 & FertilityRate > 2.5)
> outlier
              Country                Region Population Under15 Over60 FertilityRate LifeExpectancy ChildMortality CellularSubscribers LiteracyRate   GNI PrimarySchoolEnrollmentMale PrimarySchoolEnrollmentFemale
23           Botswana                Africa       2004   33.75   5.63          2.71             66           53.3              142.82         84.5 14550                          NA                            NA
56  Equatorial Guinea                Africa        736   38.95   4.53          5.04             54          100.3               59.15         93.9 25620                        56.5                          56.0
63              Gabon                Africa       1633   38.49   7.38          4.18             62           62.0              117.32         88.4 13740                          NA                            NA
83             Israel                Europe       7644   27.53  15.15          2.92             82            4.2              121.66           NA 27110                        97.0                          97.8
88         Kazakhstan                Europe      16271   25.46  10.04          2.52             67           18.7              155.74         99.7 11250                          NA                            NA
131            Panama              Americas       3802   28.65  10.13          2.52             77           18.5              188.60         94.1 14510                        99.1                          98.2
150      Saudi Arabia Eastern Mediterranean      28288   29.69   4.59          2.76             76            8.6              191.24         86.6 24700                        96.7                          96.5
> nrow(outlier)
[1] 7
> outlier[c("Country", "GNI", "FertilityRate")]
              Country   GNI FertilityRate
23           Botswana 14550          2.71
56  Equatorial Guinea 25620          5.04
63              Gabon 13740          4.18
83             Israel 27110          2.92
88         Kazakhstan 11250          2.52
131            Panama 14510          2.52
150      Saudi Arabia 24700          2.76
> mean(WHO$Over60)
[1] 11.16366
> which.min(WHO$Over60)
[1] 183
> WHO$Country[183]
[1] United Arab Emirates
194 Levels: Afghanistan Albania Algeria Andorra Angola Antigua and Barbuda Argentina Armenia Australia Austria Azerbaijan Bahamas Bahrain Bangladesh Barbados Belarus Belgium Belize Benin ... Zimbabwe
> which.max(WHO$LiteracyRate)
[1] 44
> WHO$Country[44]
[1] Cuba
194 Levels: Afghanistan Albania Algeria Andorra Angola Antigua and Barbuda Argentina Armenia Australia Austria Azerbaijan Bahamas Bahrain Bangladesh Barbados Belarus Belgium Belize Benin ... Zimbabwe
> hist(WHO$CellularSubscribers)
> boxplot(WHO$Region)
Error in oldClass(stats) <- cl : 
  adding class "factor" to an invalid object
> boxplot(WHO$LifeExpectancy ~ WHO$Region)
> boxplot(WHO$LifeExpectancy ~ WHO$Region, xlab="", ylab="Life Expectancy", main="Life Expectancy for 5 continents")
> table(WHO$Region)

               Africa              Americas Eastern Mediterranean                Europe       South-East Asia       Western Pacific 
                   46                    35                    22                    53                    11                    27 
> tapply(WHO$Over60, WHO$Region, mean)
               Africa              Americas Eastern Mediterranean                Europe       South-East Asia       Western Pacific 
             5.220652             10.943714              5.620000             19.774906              8.769091             10.162963 
> tapply(WHO$LiteracyRate, WHO$Region, min)
               Africa              Americas Eastern Mediterranean                Europe       South-East Asia       Western Pacific 
                   NA                    NA                    NA                    NA                    NA                    NA 
> tapply(WHO$LiteracyRate, WHO$Region, min, na.rm=True)
Error in lapply(X = ans[index], FUN = FUN, ...) : object 'True' not found
> tapply(WHO$LiteracyRate, WHO$Region, min, na.rm=TRUE)
               Africa              Americas Eastern Mediterranean                Europe       South-East Asia       Western Pacific 
                 31.1                  75.2                  63.9                  95.2                  56.8                  60.6 
> mean(WHO$ChildMortality)
[1] 36.14897
> hist(WHO$ChildMortality)
> boxplot(WHO$ChildMortality ~ WHO$Region)
> tapply(WHO$ChildMortality, WHO$Region)
  [1] 3 4 1 4 1 2 2 4 6 4 4 2 3 5 2 4 4 2 1 5 2 4 1 2 6 4 1 1 6 1 2 1 1 1 2 6 2 1 1 6 2 1 4 2 4 4 5 1 4 3 2 2 2 3 2 1 1 4 1 6 4 4 1 1 4 4 1 4 2 2 1 1 2 2 2 4 4 5 5 3 3 4 4 4 2 6 3 4 1 6 3 4 6 4 3 1 1 3 4 4 1 1 6 5
[105] 1 4 6 1 1 2 6 4 6 4 3 1 5 1 6 5 4 6 2 1 1 6 4 3 3 6 2 6 2 2 6 4 4 3 6 4 4 4 1 2 2 2 6 4 1 3 1 4 1 1 6 4 4 6 3 1 3 4 5 3 2 1 4 4 3 4 5 4 5 1 6 2 3 4 4 6 1 4 3 4 1 2 2 4 6 2 6 3 1 1
> tapply(WHO$ChildMortality, WHO$Region, min)
               Africa              Americas Eastern Mediterranean                Europe       South-East Asia       Western Pacific 
                 13.1                   5.3                   7.4                   2.2                   9.6                   2.9 
> table(WHO$Region)

               Africa              Americas Eastern Mediterranean                Europe       South-East Asia       Western Pacific 
                   46                    35                    22                    53                    11                    27 
> tapply(WHO$Over60, WHO$Region, mean)
               Africa              Americas Eastern Mediterranean                Europe       South-East Asia       Western Pacific 
             5.220652             10.943714              5.620000             19.774906              8.769091             10.162963 
> table(WHO$Region)

               Africa              Americas Eastern Mediterranean                Europe       South-East Asia       Western Pacific 
                   46                    35                    22                    53                    11                    27 
> tapply(WHO$Over60, WHO$Region, mean)
               Africa              Americas Eastern Mediterranean                Europe       South-East Asia       Western Pacific 
             5.220652             10.943714              5.620000             19.774906              8.769091             10.162963 
> table(WHO$Region)

               Africa              Americas Eastern Mediterranean                Europe       South-East Asia       Western Pacific 
                   46                    35                    22                    53                    11                    27 
> tapply(WHO$Over60, WHO$Region, mean)
               Africa              Americas Eastern Mediterranean                Europe       South-East Asia       Western Pacific 
             5.220652             10.943714              5.620000             19.774906              8.769091             10.162963 
> table(WHO$Region)

               Africa              Americas Eastern Mediterranean                Europe       South-East Asia       Western Pacific 
                   46                    35                    22                    53                    11                    27 
> tapply(WHO$Over60, WHO$Region, mean)
               Africa              Americas Eastern Mediterranean                Europe       South-East Asia       Western Pacific 
             5.220652             10.943714              5.620000             19.774906              8.769091             10.162963 
> table(WHO$Region)

               Africa              Americas Eastern Mediterranean                Europe       South-East Asia       Western Pacific 
                   46                    35                    22                    53                    11                    27 
> tapply(WHO$Over60, WHO$Region, mean)
               Africa              Americas Eastern Mediterranean                Europe       South-East Asia       Western Pacific 
             5.220652             10.943714              5.620000             19.774906              8.769091             10.162963 
> table(WHO$Region)

               Africa              Americas Eastern Mediterranean                Europe       South-East Asia       Western Pacific 
                   46                    35                    22                    53                    11                    27 
> tapply(WHO$Over60, WHO$Region, mean)
               Africa              Americas Eastern Mediterranean                Europe       South-East Asia       Western Pacific 
             5.220652             10.943714              5.620000             19.774906              8.769091             10.162963 
> table(WHO$Region)

               Africa              Americas Eastern Mediterranean                Europe       South-East Asia       Western Pacific 
                   46                    35                    22                    53                    11                    27 
> tapply(WHO$Over60, WHO$Region, mean)
               Africa              Americas Eastern Mediterranean                Europe       South-East Asia       Western Pacific 
             5.220652             10.943714              5.620000             19.774906              8.769091             10.162963 
> table(WHO$Region)

               Africa              Americas Eastern Mediterranean                Europe       South-East Asia       Western Pacific 
                   46                    35                    22                    53                    11                    27 
> tapply(WHO$Over60, WHO$Region, mean)
               Africa              Americas Eastern Mediterranean                Europe       South-East Asia       Western Pacific 
             5.220652             10.943714              5.620000             19.774906              8.769091             10.162963 
> table(WHO$Region)

               Africa              Americas Eastern Mediterranean                Europe       South-East Asia       Western Pacific 
                   46                    35                    22                    53                    11                    27 
> tapply(WHO$Over60, WHO$Region, mean)
               Africa              Americas Eastern Mediterranean                Europe       South-East Asia       Western Pacific 
             5.220652             10.943714              5.620000             19.774906              8.769091             10.162963 
> table(WHO$Region)

               Africa              Americas Eastern Mediterranean                Europe       South-East Asia       Western Pacific 
                   46                    35                    22                    53                    11                    27 
> tapply(WHO$Over60, WHO$Region, mean)
               Africa              Americas Eastern Mediterranean                Europe       South-East Asia       Western Pacific 
             5.220652             10.943714              5.620000             19.774906              8.769091             10.162963 
> table(WHO$Region)

               Africa              Americas Eastern Mediterranean                Europe       South-East Asia       Western Pacific 
                   46                    35                    22                    53                    11                    27 
> tapply(WHO$Over60, WHO$Region, mean)
               Africa              Americas Eastern Mediterranean                Europe       South-East Asia       Western Pacific 
             5.220652             10.943714              5.620000             19.774906              8.769091             10.162963 
> table(WHO$Region)

               Africa              Americas Eastern Mediterranean                Europe       South-East Asia       Western Pacific 
                   46                    35                    22                    53                    11                    27 
> tapply(WHO$Over60, WHO$Region, mean)
               Africa              Americas Eastern Mediterranean                Europe       South-East Asia       Western Pacific 
             5.220652             10.943714              5.620000             19.774906              8.769091             10.162963 
> table(WHO$Region)

               Africa              Americas Eastern Mediterranean                Europe       South-East Asia       Western Pacific 
                   46                    35                    22                    53                    11                    27 
> tapply(WHO$Over60, WHO$Region, mean)
               Africa              Americas Eastern Mediterranean                Europe       South-East Asia       Western Pacific 
             5.220652             10.943714              5.620000             19.774906              8.769091             10.162963 
> table(WHO$Region)

               Africa              Americas Eastern Mediterranean                Europe       South-East Asia       Western Pacific 
                   46                    35                    22                    53                    11                    27 
> tapply(WHO$Over60, WHO$Region, mean)
               Africa              Americas Eastern Mediterranean                Europe       South-East Asia       Western Pacific 
             5.220652             10.943714              5.620000             19.774906              8.769091             10.162963 
> table(WHO$Region)

               Africa              Americas Eastern Mediterranean                Europe       South-East Asia       Western Pacific 
                   46                    35                    22                    53                    11                    27 
> tapply(WHO$Over60, WHO$Region, mean)
               Africa              Americas Eastern Mediterranean                Europe       South-East Asia       Western Pacific 
             5.220652             10.943714              5.620000             19.774906              8.769091             10.162963 
> table(WHO$Region)

               Africa              Americas Eastern Mediterranean                Europe       South-East Asia       Western Pacific 
                   46                    35                    22                    53                    11                    27 
> tapply(WHO$Over60, WHO$Region, mean)
               Africa              Americas Eastern Mediterranean                Europe       South-East Asia       Western Pacific 
             5.220652             10.943714              5.620000             19.774906              8.769091             10.162963 
> table(WHO$Region)

               Africa              Americas Eastern Mediterranean                Europe       South-East Asia       Western Pacific 
                   46                    35                    22                    53                    11                    27 
> tapply(WHO$Over60, WHO$Region, mean)
               Africa              Americas Eastern Mediterranean                Europe       South-East Asia       Western Pacific 
             5.220652             10.943714              5.620000             19.774906              8.769091             10.162963 
> table(WHO$Region)

               Africa              Americas Eastern Mediterranean                Europe       South-East Asia       Western Pacific 
                   46                    35                    22                    53                    11                    27 
> tapply(WHO$Over60, WHO$Region, mean)
               Africa              Americas Eastern Mediterranean                Europe       South-East Asia       Western Pacific 
             5.220652             10.943714              5.620000             19.774906              8.769091             10.162963 
> table(WHO$Region)

               Africa              Americas Eastern Mediterranean                Europe       South-East Asia       Western Pacific 
                   46                    35                    22                    53                    11                    27 
> tapply(WHO$Over60, WHO$Region, mean)
               Africa              Americas Eastern Mediterranean                Europe       South-East Asia       Western Pacific 
             5.220652             10.943714              5.620000             19.774906              8.769091             10.162963 
> table(WHO$Region)

               Africa              Americas Eastern Mediterranean                Europe       South-East Asia       Western Pacific 
                   46                    35                    22                    53                    11                    27 
> tapply(WHO$Over60, WHO$Region, mean)
               Africa              Americas Eastern Mediterranean                Europe       South-East Asia       Western Pacific 
             5.220652             10.943714              5.620000             19.774906              8.769091             10.162963 
> table(WHO$Region)

               Africa              Americas Eastern Mediterranean                Europe       South-East Asia       Western Pacific 
                   46                    35                    22                    53                    11                    27 
> tapply(WHO$Over60, WHO$Region, mean)
               Africa              Americas Eastern Mediterranean                Europe       South-East Asia       Western Pacific 
             5.220652             10.943714              5.620000             19.774906              8.769091             10.162963 
> table(WHO$Region)

               Africa              Americas Eastern Mediterranean                Europe       South-East Asia       Western Pacific 
                   46                    35                    22                    53                    11                    27 
> tapply(WHO$Over60, WHO$Region, mean)
               Africa              Americas Eastern Mediterranean                Europe       South-East Asia       Western Pacific 
             5.220652             10.943714              5.620000             19.774906              8.769091             10.162963 
> table(WHO$Region)

               Africa              Americas Eastern Mediterranean                Europe       South-East Asia       Western Pacific 
                   46                    35                    22                    53                    11                    27 
> tapply(WHO$Over60, WHO$Region, mean)
               Africa              Americas Eastern Mediterranean                Europe       South-East Asia       Western Pacific 
             5.220652             10.943714              5.620000             19.774906              8.769091             10.162963 
> table(WHO$Region)

               Africa              Americas Eastern Mediterranean                Europe       South-East Asia       Western Pacific 
                   46                    35                    22                    53                    11                    27 
> tapply(WHO$Over60, WHO$Region, mean)
               Africa              Americas Eastern Mediterranean                Europe       South-East Asia       Western Pacific 
             5.220652             10.943714              5.620000             19.774906              8.769091             10.162963 
> 