
R version 3.4.1 (2017-06-30) -- "Single Candle"
Copyright (C) 2017 The R Foundation for Statistical Computing
Platform: x86_64-apple-darwin15.6.0 (64-bit)

R is free software and comes with ABSOLUTELY NO WARRANTY.
You are welcome to redistribute it under certain conditions.
Type 'license()' or 'licence()' for distribution details.

  Natural language support but running in an English locale

R is a collaborative project with many contributors.
Type 'contributors()' for more information and
'citation()' on how to cite R or R packages in publications.

Type 'demo()' for some demos, 'help()' for on-line help, or
'help.start()' for an HTML browser interface to help.
Type 'q()' to quit R.

During startup - Warning messages:
1: Setting LC_CTYPE failed, using "C" 
2: Setting LC_COLLATE failed, using "C" 
3: Setting LC_TIME failed, using "C" 
4: Setting LC_MESSAGES failed, using "C" 
5: Setting LC_MONETARY failed, using "C" 
[R.app GUI 1.70 (7375) x86_64-apple-darwin15.6.0]

WARNING: You're using a non-UTF8 locale, therefore only ASCII characters will work.
Please read R for Mac OS X FAQ (see Help) section 9 and adjust your system preferences accordingly.
[Workspace restored from /Users/kachunfung/.RData]
[History restored from /Users/kachunfung/.Rapp.history]

> climate
Error: object 'climate' not found
> climate = read.csv("climate_change.csv")
Error in file(file, "rt") : cannot open the connection
In addition: Warning message:
In file(file, "rt") :
  cannot open file 'climate_change.csv': No such file or directory
> climate = read.csv("climate_change.csv")
> train = subset(climate, year<2007)
Error in eval(e, x, parent.frame()) : object 'year' not found
> train = subset(climate, Year<2007)
> str(train)
'data.frame':	284 obs. of  11 variables:
 $ Year    : int  1983 1983 1983 1983 1983 1983 1983 1983 1984 1984 ...
 $ Month   : int  5 6 7 8 9 10 11 12 1 2 ...
 $ MEI     : num  2.556 2.167 1.741 1.13 0.428 ...
 $ CO2     : num  346 346 344 342 340 ...
 $ CH4     : num  1639 1634 1633 1631 1648 ...
 $ N2O     : num  304 304 304 304 304 ...
 $ CFC.11  : num  191 192 193 194 194 ...
 $ CFC.12  : num  350 352 354 356 357 ...
 $ TSI     : num  1366 1366 1366 1366 1366 ...
 $ Aerosols: num  0.0863 0.0794 0.0731 0.0673 0.0619 0.0569 0.0524 0.0486 0.0451 0.0416 ...
 $ Temp    : num  0.109 0.118 0.137 0.176 0.149 0.093 0.232 0.078 0.089 0.013 ...
> test = subset(climate, Year>2006)
> str(test)
'data.frame':	24 obs. of  11 variables:
 $ Year    : int  2007 2007 2007 2007 2007 2007 2007 2007 2007 2007 ...
 $ Month   : int  1 2 3 4 5 6 7 8 9 10 ...
 $ MEI     : num  0.974 0.51 0.074 -0.049 0.183 ...
 $ CO2     : num  383 384 385 386 387 ...
 $ CH4     : num  1800 1803 1803 1802 1796 ...
 $ N2O     : num  321 321 321 321 320 ...
 $ CFC.11  : num  248 248 248 248 247 ...
 $ CFC.12  : num  539 539 539 539 538 ...
 $ TSI     : num  1366 1366 1366 1366 1366 ...
 $ Aerosols: num  0.0054 0.0051 0.0045 0.0045 0.0041 0.004 0.004 0.0041 0.0042 0.0041 ...
 $ Temp    : num  0.601 0.498 0.435 0.466 0.372 0.382 0.394 0.358 0.402 0.362 ...
> str(climate)
'data.frame':	308 obs. of  11 variables:
 $ Year    : int  1983 1983 1983 1983 1983 1983 1983 1983 1984 1984 ...
 $ Month   : int  5 6 7 8 9 10 11 12 1 2 ...
 $ MEI     : num  2.556 2.167 1.741 1.13 0.428 ...
 $ CO2     : num  346 346 344 342 340 ...
 $ CH4     : num  1639 1634 1633 1631 1648 ...
 $ N2O     : num  304 304 304 304 304 ...
 $ CFC.11  : num  191 192 193 194 194 ...
 $ CFC.12  : num  350 352 354 356 357 ...
 $ TSI     : num  1366 1366 1366 1366 1366 ...
 $ Aerosols: num  0.0863 0.0794 0.0731 0.0673 0.0619 0.0569 0.0524 0.0486 0.0451 0.0416 ...
 $ Temp    : num  0.109 0.118 0.137 0.176 0.149 0.093 0.232 0.078 0.089 0.013 ...
> 24+284
[1] 308
> model1 = lm(Temp ~MEI + CO2 + CH4 + N2O + CFC.11 + CFC.12 + TSO + Aerosols, data=train)
Error in eval(predvars, data, env) : object 'TSO' not found
> model1 = lm(Temp ~MEI + CO2 + CH4 + N2O + CFC.11 + CFC.12 + TSI + Aerosols, data=train)
> summary(model1)

Call:
lm(formula = Temp ~ MEI + CO2 + CH4 + N2O + CFC.11 + CFC.12 + 
    TSI + Aerosols, data = train)

Residuals:
     Min       1Q   Median       3Q      Max 
-0.25888 -0.05913 -0.00082  0.05649  0.32433 

Coefficients:
              Estimate Std. Error t value Pr(>|t|)    
(Intercept) -1.246e+02  1.989e+01  -6.265 1.43e-09 ***
MEI          6.421e-02  6.470e-03   9.923  < 2e-16 ***
CO2          6.457e-03  2.285e-03   2.826  0.00505 ** 
CH4          1.240e-04  5.158e-04   0.240  0.81015    
N2O         -1.653e-02  8.565e-03  -1.930  0.05467 .  
CFC.11      -6.631e-03  1.626e-03  -4.078 5.96e-05 ***
CFC.12       3.808e-03  1.014e-03   3.757  0.00021 ***
TSI          9.314e-02  1.475e-02   6.313 1.10e-09 ***
Aerosols    -1.538e+00  2.133e-01  -7.210 5.41e-12 ***
---
Signif. codes:  0 '***' 0.001 '**' 0.01 '*' 0.05 '.' 0.1 ' ' 1

Residual standard error: 0.09171 on 275 degrees of freedom
Multiple R-squared:  0.7509,	Adjusted R-squared:  0.7436 
F-statistic: 103.6 on 8 and 275 DF,  p-value: < 2.2e-16

> cor(train)
                Year         Month           MEI         CO2         CH4         N2O
Year      1.00000000 -0.0279419602 -0.0369876842  0.98274939  0.91565945  0.99384523
Month    -0.02794196  1.0000000000  0.0008846905 -0.10673246  0.01856866  0.01363153
MEI      -0.03698768  0.0008846905  1.0000000000 -0.04114717 -0.03341930 -0.05081978
CO2       0.98274939 -0.1067324607 -0.0411471651  1.00000000  0.87727963  0.97671982
CH4       0.91565945  0.0185686624 -0.0334193014  0.87727963  1.00000000  0.89983864
N2O       0.99384523  0.0136315303 -0.0508197755  0.97671982  0.89983864  1.00000000
CFC.11    0.56910643 -0.0131112236  0.0690004387  0.51405975  0.77990402  0.52247732
CFC.12    0.89701166  0.0006751102  0.0082855443  0.85268963  0.96361625  0.86793078
TSI       0.17030201 -0.0346061935 -0.1544919227  0.17742893  0.24552844  0.19975668
Aerosols -0.34524670  0.0148895406  0.3402377871 -0.35615480 -0.26780919 -0.33705457
Temp      0.78679714 -0.0998567411  0.1724707512  0.78852921  0.70325502  0.77863893
              CFC.11        CFC.12         TSI    Aerosols        Temp
Year      0.56910643  0.8970116635  0.17030201 -0.34524670  0.78679714
Month    -0.01311122  0.0006751102 -0.03460619  0.01488954 -0.09985674
MEI       0.06900044  0.0082855443 -0.15449192  0.34023779  0.17247075
CO2       0.51405975  0.8526896272  0.17742893 -0.35615480  0.78852921
CH4       0.77990402  0.9636162478  0.24552844 -0.26780919  0.70325502
N2O       0.52247732  0.8679307757  0.19975668 -0.33705457  0.77863893
CFC.11    1.00000000  0.8689851828  0.27204596 -0.04392120  0.40771029
CFC.12    0.86898518  1.0000000000  0.25530281 -0.22513124  0.68755755
TSI       0.27204596  0.2553028138  1.00000000  0.05211651  0.24338269
Aerosols -0.04392120 -0.2251312440  0.05211651  1.00000000 -0.38491375
Temp      0.40771029  0.6875575483  0.24338269 -0.38491375  1.00000000
> model2 = lm(N2O ~MEI, TSI, Aerosols, N2O, data=train)
Error in model.frame.default(formula = N2O ~ MEI, data = train, subset = TSI,  : 
  object 'N2O' not found
> model2 = lm(N2O ~MEI, TSI, Aerosols, N2O, data=train)
Error in model.frame.default(formula = N2O ~ MEI, data = train, subset = TSI,  : 
  object 'N2O' not found
> model2 = lm(N2O ~MEI, TSI, Aerosols, data=train)
Error in lm.wfit(x, y, w, offset = offset, singular.ok = singular.ok,  : 
  0 (non-NA) cases
> model2 = lm(N2O ~MEI + TSI + Aerosols, data=train)
> model2

Call:
lm(formula = N2O ~ MEI + TSI + Aerosols, data = train)

Coefficients:
(Intercept)          MEI          TSI     Aerosols  
 -3549.5201       0.6073       2.8271     -61.8079  

> summary(model2)

Call:
lm(formula = N2O ~ MEI + TSI + Aerosols, data = train)

Residuals:
    Min      1Q  Median      3Q     Max 
-6.8849 -4.5183  0.4462  2.7020  8.8085 

Coefficients:
              Estimate Std. Error t value Pr(>|t|)    
(Intercept) -3549.5201   896.8079  -3.958 9.59e-05 ***
MEI             0.6073     0.3009   2.018   0.0445 *  
TSI             2.8271     0.6565   4.306 2.30e-05 ***
Aerosols      -61.8079     9.2217  -6.702 1.13e-10 ***
---
Signif. codes:  0 '***' 0.001 '**' 0.01 '*' 0.05 '.' 0.1 ' ' 1

Residual standard error: 4.351 on 280 degrees of freedom
Multiple R-squared:  0.173,	Adjusted R-squared:  0.1641 
F-statistic: 19.52 on 3 and 280 DF,  p-value: 1.6e-11

> model2 = lm(Temp ~ N2O + MEI + TSI + Aerosols, data=train)
> summary(model2)

Call:
lm(formula = Temp ~ N2O + MEI + TSI + Aerosols, data = train)

Residuals:
     Min       1Q   Median       3Q      Max 
-0.27916 -0.05975 -0.00595  0.05672  0.34195 

Coefficients:
              Estimate Std. Error t value Pr(>|t|)    
(Intercept) -1.162e+02  2.022e+01  -5.747 2.37e-08 ***
N2O          2.532e-02  1.311e-03  19.307  < 2e-16 ***
MEI          6.419e-02  6.652e-03   9.649  < 2e-16 ***
TSI          7.949e-02  1.487e-02   5.344 1.89e-07 ***
Aerosols    -1.702e+00  2.180e-01  -7.806 1.19e-13 ***
---
Signif. codes:  0 '***' 0.001 '**' 0.01 '*' 0.05 '.' 0.1 ' ' 1

Residual standard error: 0.09547 on 279 degrees of freedom
Multiple R-squared:  0.7261,	Adjusted R-squared:  0.7222 
F-statistic: 184.9 on 4 and 279 DF,  p-value: < 2.2e-16

> step(model1)
Start:  AIC=-1348.16
Temp ~ MEI + CO2 + CH4 + N2O + CFC.11 + CFC.12 + TSI + Aerosols

           Df Sum of Sq    RSS     AIC
- CH4       1   0.00049 2.3135 -1350.1
<none>                  2.3130 -1348.2
- N2O       1   0.03132 2.3443 -1346.3
- CO2       1   0.06719 2.3802 -1342.0
- CFC.12    1   0.11874 2.4318 -1335.9
- CFC.11    1   0.13986 2.4529 -1333.5
- TSI       1   0.33516 2.6482 -1311.7
- Aerosols  1   0.43727 2.7503 -1301.0
- MEI       1   0.82823 3.1412 -1263.2

Step:  AIC=-1350.1
Temp ~ MEI + CO2 + N2O + CFC.11 + CFC.12 + TSI + Aerosols

           Df Sum of Sq    RSS     AIC
<none>                  2.3135 -1350.1
- N2O       1   0.03133 2.3448 -1348.3
- CO2       1   0.06672 2.3802 -1344.0
- CFC.12    1   0.13023 2.4437 -1336.5
- CFC.11    1   0.13938 2.4529 -1335.5
- TSI       1   0.33500 2.6485 -1313.7
- Aerosols  1   0.43987 2.7534 -1302.7
- MEI       1   0.83118 3.1447 -1264.9

Call:
lm(formula = Temp ~ MEI + CO2 + N2O + CFC.11 + CFC.12 + TSI + 
    Aerosols, data = train)

Coefficients:
(Intercept)          MEI          CO2          N2O       CFC.11       CFC.12          TSI  
 -1.245e+02    6.407e-02    6.401e-03   -1.602e-02   -6.609e-03    3.868e-03    9.312e-02  
   Aerosols  
 -1.540e+00  

> model3 = step(model1)
Start:  AIC=-1348.16
Temp ~ MEI + CO2 + CH4 + N2O + CFC.11 + CFC.12 + TSI + Aerosols

           Df Sum of Sq    RSS     AIC
- CH4       1   0.00049 2.3135 -1350.1
<none>                  2.3130 -1348.2
- N2O       1   0.03132 2.3443 -1346.3
- CO2       1   0.06719 2.3802 -1342.0
- CFC.12    1   0.11874 2.4318 -1335.9
- CFC.11    1   0.13986 2.4529 -1333.5
- TSI       1   0.33516 2.6482 -1311.7
- Aerosols  1   0.43727 2.7503 -1301.0
- MEI       1   0.82823 3.1412 -1263.2

Step:  AIC=-1350.1
Temp ~ MEI + CO2 + N2O + CFC.11 + CFC.12 + TSI + Aerosols

           Df Sum of Sq    RSS     AIC
<none>                  2.3135 -1350.1
- N2O       1   0.03133 2.3448 -1348.3
- CO2       1   0.06672 2.3802 -1344.0
- CFC.12    1   0.13023 2.4437 -1336.5
- CFC.11    1   0.13938 2.4529 -1335.5
- TSI       1   0.33500 2.6485 -1313.7
- Aerosols  1   0.43987 2.7534 -1302.7
- MEI       1   0.83118 3.1447 -1264.9
> summary(model3)

Call:
lm(formula = Temp ~ MEI + CO2 + N2O + CFC.11 + CFC.12 + TSI + 
    Aerosols, data = train)

Residuals:
     Min       1Q   Median       3Q      Max 
-0.25770 -0.05994 -0.00104  0.05588  0.32203 

Coefficients:
              Estimate Std. Error t value Pr(>|t|)    
(Intercept) -1.245e+02  1.985e+01  -6.273 1.37e-09 ***
MEI          6.407e-02  6.434e-03   9.958  < 2e-16 ***
CO2          6.402e-03  2.269e-03   2.821 0.005129 ** 
N2O         -1.602e-02  8.287e-03  -1.933 0.054234 .  
CFC.11      -6.609e-03  1.621e-03  -4.078 5.95e-05 ***
CFC.12       3.868e-03  9.812e-04   3.942 0.000103 ***
TSI          9.312e-02  1.473e-02   6.322 1.04e-09 ***
Aerosols    -1.540e+00  2.126e-01  -7.244 4.36e-12 ***
---
Signif. codes:  0 '***' 0.001 '**' 0.01 '*' 0.05 '.' 0.1 ' ' 1

Residual standard error: 0.09155 on 276 degrees of freedom
Multiple R-squared:  0.7508,	Adjusted R-squared:  0.7445 
F-statistic: 118.8 on 7 and 276 DF,  p-value: < 2.2e-16

> predict(model3, new_data=test)
           1            2            3            4            5            6            7 
 0.159950385  0.145312217  0.135686823  0.107393628  0.040906060  0.006243965  0.014318043 
           8            9           10           11           12           13           14 
 0.025827439 -0.032260180 -0.015762871  0.083817820  0.051285293  0.064349569  0.073741558 
          15           16           17           18           19           20           21 
 0.065585434  0.033022561  0.013231447  0.009218369 -0.020306060 -0.024296854 -0.031509884 
          22           23           24           25           26           27           28 
-0.020623783 -0.019985877 -0.010808835 -0.005455104  0.042284215  0.027278144  0.014074601 
          29           30           31           32           33           34           35 
-0.009548752  0.003274519  0.027011772  0.019572787  0.016175066  0.009816922  0.040149201 
          36           37           38           39           40           41           42 
 0.030614519  0.069006679  0.055847964  0.043637781  0.047046050  0.063840700  0.053872446 
          43           44           45           46           47           48           49 
 0.063811610  0.093433863  0.110368551  0.115406141  0.162998944  0.186887220  0.217250067 
          50           51           52           53           54           55           56 
 0.201166054  0.184147383  0.181660696  0.173541837  0.159346004  0.159034738  0.174688406 
          57           58           59           60           61           62           63 
 0.174123230  0.162786231  0.138909143  0.144652280  0.154214979  0.075250021  0.019110466 
          64           65           66           67           68           69           70 
 0.021424419  0.030368926  0.010863757  0.023372141  0.036650462  0.084079068  0.082630689 
          71           72           73           74           75           76           77 
 0.083637094  0.133837657  0.182151693  0.150209554  0.198537301  0.125185976  0.108251621 
          78           79           80           81           82           83           84 
 0.170485297  0.177847209  0.203025282  0.212529475  0.212486397  0.244750333  0.243649820 
          85           86           87           88           89           90           91 
 0.235099234  0.239848538  0.180634763  0.142310969  0.207114292  0.185061963  0.127435712 
          92           93           94           95           96           97           98 
 0.179854405  0.148411047  0.176831626  0.216068084  0.281914010  0.247765383  0.246669932 
          99          100          101          102          103          104          105 
 0.223662303  0.141967103  0.117504164  0.029277575  0.062025447  0.004969981  0.078840874 
         106          107          108          109          110          111          112 
 0.093450086  0.155516803  0.178305614  0.163052071  0.142146139  0.054822673  0.025408394 
         113          114          115          116          117          118          119 
 0.035636421  0.034047977  0.065200514  0.109004378  0.127726504  0.128149255  0.177852035 
         120          121          122          123          124          125          126 
 0.217794457  0.264846342  0.235190528  0.203884792  0.189750433  0.170437994  0.155840058 
         127          128          129          130          131          132          133 
 0.155159937  0.172261879  0.160356540  0.182993622  0.197871032  0.208603098  0.211335964 
         134          135          136          137          138          139          140 
 0.226304001  0.226194299  0.208480085  0.193981440  0.239044312  0.252661069  0.246307709 
         141          142          143          144          145          146          147 
 0.271693841  0.261785733  0.259554199  0.240844757  0.255557908  0.257188298  0.234811502 
         148          149          150          151          152          153          154 
 0.199862539  0.172837338  0.158570829  0.172936269  0.174094749  0.180235677  0.190569229 
         155          156          157          158          159          160          161 
 0.212898588  0.202602827  0.233241879  0.247981161  0.225000743  0.204573831  0.190209434 
         162          163          164          165          166          167          168 
 0.193976458  0.202353014  0.217058694  0.213371814  0.211564722  0.238630484  0.298114445 
         169          170          171          172          173          174          175 
 0.346591478  0.416183426  0.437174753  0.448550240  0.428080779  0.413500775  0.427756270 
         176          177          178          179          180          181          182 
 0.429417379  0.450454763  0.471827976  0.473796697  0.508920194  0.473092757  0.411950015 
         183          184          185          186          187          188          189 
 0.365482163  0.293970098  0.266488803  0.280257651  0.254236138  0.281541787  0.290426172 
         190          191          192          193          194          195          196 
 0.270839772  0.301038985  0.306187582  0.340336087  0.356534014  0.351708468  0.319625118 
         197          198          199          200          201          202          203 
 0.302650200  0.270610828  0.284680817  0.287633207  0.329387514  0.321201681  0.322142460 
         204          205          206          207          208          209          210 
 0.388754667  0.403362830  0.393253699  0.386523780  0.416282974  0.359672918  0.393056740 
         211          212          213          214          215          216          217 
 0.369513550  0.392572451  0.385657705  0.388401227  0.364701690  0.406458718  0.438304665 
         218          219          220          221          222          223          224 
 0.417706659  0.448132778  0.417982148  0.363047819  0.401622291  0.386135820  0.440082691 
         225          226          227          228          229          230          231 
 0.483799472  0.466372632  0.457313253  0.468206534  0.504363244  0.514498749  0.441395972 
         232          233          234          235          236          237          238 
 0.459825794  0.458909110  0.473078848  0.482271488  0.526920725  0.525223603  0.508947578 
         239          240          241          242          243          244          245 
 0.474440265  0.451001056  0.435115573  0.423486713  0.432444940  0.430539198  0.444986166 
         246          247          248          249          250          251          252 
 0.373191127  0.440872656  0.445375832  0.435101492  0.442277962  0.423931773  0.462911300 
         253          254          255          256          257          258          259 
 0.468038573  0.442307737  0.425354453  0.440684887  0.436232131  0.438112836  0.456380436 
         260          261          262          263          264          265          266 
 0.466749670  0.415735244  0.471011015  0.491186079  0.467804649  0.479502571  0.456961781 
         267          268          269          270          271          272          273 
 0.454255595  0.436460898  0.405443589  0.386332161  0.366755971  0.370934020  0.390333776 
         274          275          276          277          278          279          280 
 0.392884922  0.381004868  0.391653125  0.445607323  0.468712163  0.461494161  0.447070924 
         281          282          283          284 
 0.451367316  0.456281263  0.473514721  0.459918577 
> new = predict(model3, new_data=test)
> summary(new)
    Min.  1st Qu.   Median     Mean  3rd Qu.     Max. 
-0.03226  0.13522  0.22433  0.24780  0.40570  0.52692 
> SSE = sum((new - test$Temp)^2)
Warning message:
In new - test$Temp :
  longer object length is not a multiple of shorter object length
> predictTest = predict(model3, new_data=test)
> str(test)
'data.frame':	24 obs. of  11 variables:
 $ Year    : int  2007 2007 2007 2007 2007 2007 2007 2007 2007 2007 ...
 $ Month   : int  1 2 3 4 5 6 7 8 9 10 ...
 $ MEI     : num  0.974 0.51 0.074 -0.049 0.183 ...
 $ CO2     : num  383 384 385 386 387 ...
 $ CH4     : num  1800 1803 1803 1802 1796 ...
 $ N2O     : num  321 321 321 321 320 ...
 $ CFC.11  : num  248 248 248 248 247 ...
 $ CFC.12  : num  539 539 539 539 538 ...
 $ TSI     : num  1366 1366 1366 1366 1366 ...
 $ Aerosols: num  0.0054 0.0051 0.0045 0.0045 0.0041 0.004 0.004 0.0041 0.0042 0.0041 ...
 $ Temp    : num  0.601 0.498 0.435 0.466 0.372 0.382 0.394 0.358 0.402 0.362 ...
> str(predictTest)
 Named num [1:284] 0.16 0.1453 0.1357 0.1074 0.0409 ...
 - attr(*, "names")= chr [1:284] "1" "2" "3" "4" ...
> summary(predictTest)
    Min.  1st Qu.   Median     Mean  3rd Qu.     Max. 
-0.03226  0.13522  0.22433  0.24780  0.40570  0.52692 
> predictTest
           1            2            3            4            5            6            7 
 0.159950385  0.145312217  0.135686823  0.107393628  0.040906060  0.006243965  0.014318043 
           8            9           10           11           12           13           14 
 0.025827439 -0.032260180 -0.015762871  0.083817820  0.051285293  0.064349569  0.073741558 
          15           16           17           18           19           20           21 
 0.065585434  0.033022561  0.013231447  0.009218369 -0.020306060 -0.024296854 -0.031509884 
          22           23           24           25           26           27           28 
-0.020623783 -0.019985877 -0.010808835 -0.005455104  0.042284215  0.027278144  0.014074601 
          29           30           31           32           33           34           35 
-0.009548752  0.003274519  0.027011772  0.019572787  0.016175066  0.009816922  0.040149201 
          36           37           38           39           40           41           42 
 0.030614519  0.069006679  0.055847964  0.043637781  0.047046050  0.063840700  0.053872446 
          43           44           45           46           47           48           49 
 0.063811610  0.093433863  0.110368551  0.115406141  0.162998944  0.186887220  0.217250067 
          50           51           52           53           54           55           56 
 0.201166054  0.184147383  0.181660696  0.173541837  0.159346004  0.159034738  0.174688406 
          57           58           59           60           61           62           63 
 0.174123230  0.162786231  0.138909143  0.144652280  0.154214979  0.075250021  0.019110466 
          64           65           66           67           68           69           70 
 0.021424419  0.030368926  0.010863757  0.023372141  0.036650462  0.084079068  0.082630689 
          71           72           73           74           75           76           77 
 0.083637094  0.133837657  0.182151693  0.150209554  0.198537301  0.125185976  0.108251621 
          78           79           80           81           82           83           84 
 0.170485297  0.177847209  0.203025282  0.212529475  0.212486397  0.244750333  0.243649820 
          85           86           87           88           89           90           91 
 0.235099234  0.239848538  0.180634763  0.142310969  0.207114292  0.185061963  0.127435712 
          92           93           94           95           96           97           98 
 0.179854405  0.148411047  0.176831626  0.216068084  0.281914010  0.247765383  0.246669932 
          99          100          101          102          103          104          105 
 0.223662303  0.141967103  0.117504164  0.029277575  0.062025447  0.004969981  0.078840874 
         106          107          108          109          110          111          112 
 0.093450086  0.155516803  0.178305614  0.163052071  0.142146139  0.054822673  0.025408394 
         113          114          115          116          117          118          119 
 0.035636421  0.034047977  0.065200514  0.109004378  0.127726504  0.128149255  0.177852035 
         120          121          122          123          124          125          126 
 0.217794457  0.264846342  0.235190528  0.203884792  0.189750433  0.170437994  0.155840058 
         127          128          129          130          131          132          133 
 0.155159937  0.172261879  0.160356540  0.182993622  0.197871032  0.208603098  0.211335964 
         134          135          136          137          138          139          140 
 0.226304001  0.226194299  0.208480085  0.193981440  0.239044312  0.252661069  0.246307709 
         141          142          143          144          145          146          147 
 0.271693841  0.261785733  0.259554199  0.240844757  0.255557908  0.257188298  0.234811502 
         148          149          150          151          152          153          154 
 0.199862539  0.172837338  0.158570829  0.172936269  0.174094749  0.180235677  0.190569229 
         155          156          157          158          159          160          161 
 0.212898588  0.202602827  0.233241879  0.247981161  0.225000743  0.204573831  0.190209434 
         162          163          164          165          166          167          168 
 0.193976458  0.202353014  0.217058694  0.213371814  0.211564722  0.238630484  0.298114445 
         169          170          171          172          173          174          175 
 0.346591478  0.416183426  0.437174753  0.448550240  0.428080779  0.413500775  0.427756270 
         176          177          178          179          180          181          182 
 0.429417379  0.450454763  0.471827976  0.473796697  0.508920194  0.473092757  0.411950015 
         183          184          185          186          187          188          189 
 0.365482163  0.293970098  0.266488803  0.280257651  0.254236138  0.281541787  0.290426172 
         190          191          192          193          194          195          196 
 0.270839772  0.301038985  0.306187582  0.340336087  0.356534014  0.351708468  0.319625118 
         197          198          199          200          201          202          203 
 0.302650200  0.270610828  0.284680817  0.287633207  0.329387514  0.321201681  0.322142460 
         204          205          206          207          208          209          210 
 0.388754667  0.403362830  0.393253699  0.386523780  0.416282974  0.359672918  0.393056740 
         211          212          213          214          215          216          217 
 0.369513550  0.392572451  0.385657705  0.388401227  0.364701690  0.406458718  0.438304665 
         218          219          220          221          222          223          224 
 0.417706659  0.448132778  0.417982148  0.363047819  0.401622291  0.386135820  0.440082691 
         225          226          227          228          229          230          231 
 0.483799472  0.466372632  0.457313253  0.468206534  0.504363244  0.514498749  0.441395972 
         232          233          234          235          236          237          238 
 0.459825794  0.458909110  0.473078848  0.482271488  0.526920725  0.525223603  0.508947578 
         239          240          241          242          243          244          245 
 0.474440265  0.451001056  0.435115573  0.423486713  0.432444940  0.430539198  0.444986166 
         246          247          248          249          250          251          252 
 0.373191127  0.440872656  0.445375832  0.435101492  0.442277962  0.423931773  0.462911300 
         253          254          255          256          257          258          259 
 0.468038573  0.442307737  0.425354453  0.440684887  0.436232131  0.438112836  0.456380436 
         260          261          262          263          264          265          266 
 0.466749670  0.415735244  0.471011015  0.491186079  0.467804649  0.479502571  0.456961781 
         267          268          269          270          271          272          273 
 0.454255595  0.436460898  0.405443589  0.386332161  0.366755971  0.370934020  0.390333776 
         274          275          276          277          278          279          280 
 0.392884922  0.381004868  0.391653125  0.445607323  0.468712163  0.461494161  0.447070924 
         281          282          283          284 
 0.451367316  0.456281263  0.473514721  0.459918577 
> prediction = predict(model3, new_data=test)
> str(test)
'data.frame':	24 obs. of  11 variables:
 $ Year    : int  2007 2007 2007 2007 2007 2007 2007 2007 2007 2007 ...
 $ Month   : int  1 2 3 4 5 6 7 8 9 10 ...
 $ MEI     : num  0.974 0.51 0.074 -0.049 0.183 ...
 $ CO2     : num  383 384 385 386 387 ...
 $ CH4     : num  1800 1803 1803 1802 1796 ...
 $ N2O     : num  321 321 321 321 320 ...
 $ CFC.11  : num  248 248 248 248 247 ...
 $ CFC.12  : num  539 539 539 539 538 ...
 $ TSI     : num  1366 1366 1366 1366 1366 ...
 $ Aerosols: num  0.0054 0.0051 0.0045 0.0045 0.0041 0.004 0.004 0.0041 0.0042 0.0041 ...
 $ Temp    : num  0.601 0.498 0.435 0.466 0.372 0.382 0.394 0.358 0.402 0.362 ...
> SSE = sum((prediction - test$Temp)^2)
Warning message:
In prediction - test$Temp :
  longer object length is not a multiple of shorter object length
> names(train)
 [1] "Year"     "Month"    "MEI"      "CO2"      "CH4"      "N2O"      "CFC.11"  
 [8] "CFC.12"   "TSI"      "Aerosols" "Temp"    
> modelx = lm(Temp ~MEI + CO2 + CH4 + N2O + CFC.11 + CFC.12 + TSI + Aerosols, data=train)
> modelxx = step(modelx)
Start:  AIC=-1348.16
Temp ~ MEI + CO2 + CH4 + N2O + CFC.11 + CFC.12 + TSI + Aerosols

           Df Sum of Sq    RSS     AIC
- CH4       1   0.00049 2.3135 -1350.1
<none>                  2.3130 -1348.2
- N2O       1   0.03132 2.3443 -1346.3
- CO2       1   0.06719 2.3802 -1342.0
- CFC.12    1   0.11874 2.4318 -1335.9
- CFC.11    1   0.13986 2.4529 -1333.5
- TSI       1   0.33516 2.6482 -1311.7
- Aerosols  1   0.43727 2.7503 -1301.0
- MEI       1   0.82823 3.1412 -1263.2

Step:  AIC=-1350.1
Temp ~ MEI + CO2 + N2O + CFC.11 + CFC.12 + TSI + Aerosols

           Df Sum of Sq    RSS     AIC
<none>                  2.3135 -1350.1
- N2O       1   0.03133 2.3448 -1348.3
- CO2       1   0.06672 2.3802 -1344.0
- CFC.12    1   0.13023 2.4437 -1336.5
- CFC.11    1   0.13938 2.4529 -1335.5
- TSI       1   0.33500 2.6485 -1313.7
- Aerosols  1   0.43987 2.7534 -1302.7
- MEI       1   0.83118 3.1447 -1264.9
> prediction = predict(modelxx, new_data=test)
> SSE = sum((prediction - test$Temp)^2)
Warning message:
In prediction - test$Temp :
  longer object length is not a multiple of shorter object length
> str(prediction)
 Named num [1:284] 0.16 0.1453 0.1357 0.1074 0.0409 ...
 - attr(*, "names")= chr [1:284] "1" "2" "3" "4" ...
> sumamry(prediction)
Error in sumamry(prediction) : could not find function "sumamry"
> prediction
           1            2            3            4            5            6            7 
 0.159950385  0.145312217  0.135686823  0.107393628  0.040906060  0.006243965  0.014318043 
           8            9           10           11           12           13           14 
 0.025827439 -0.032260180 -0.015762871  0.083817820  0.051285293  0.064349569  0.073741558 
          15           16           17           18           19           20           21 
 0.065585434  0.033022561  0.013231447  0.009218369 -0.020306060 -0.024296854 -0.031509884 
          22           23           24           25           26           27           28 
-0.020623783 -0.019985877 -0.010808835 -0.005455104  0.042284215  0.027278144  0.014074601 
          29           30           31           32           33           34           35 
-0.009548752  0.003274519  0.027011772  0.019572787  0.016175066  0.009816922  0.040149201 
          36           37           38           39           40           41           42 
 0.030614519  0.069006679  0.055847964  0.043637781  0.047046050  0.063840700  0.053872446 
          43           44           45           46           47           48           49 
 0.063811610  0.093433863  0.110368551  0.115406141  0.162998944  0.186887220  0.217250067 
          50           51           52           53           54           55           56 
 0.201166054  0.184147383  0.181660696  0.173541837  0.159346004  0.159034738  0.174688406 
          57           58           59           60           61           62           63 
 0.174123230  0.162786231  0.138909143  0.144652280  0.154214979  0.075250021  0.019110466 
          64           65           66           67           68           69           70 
 0.021424419  0.030368926  0.010863757  0.023372141  0.036650462  0.084079068  0.082630689 
          71           72           73           74           75           76           77 
 0.083637094  0.133837657  0.182151693  0.150209554  0.198537301  0.125185976  0.108251621 
          78           79           80           81           82           83           84 
 0.170485297  0.177847209  0.203025282  0.212529475  0.212486397  0.244750333  0.243649820 
          85           86           87           88           89           90           91 
 0.235099234  0.239848538  0.180634763  0.142310969  0.207114292  0.185061963  0.127435712 
          92           93           94           95           96           97           98 
 0.179854405  0.148411047  0.176831626  0.216068084  0.281914010  0.247765383  0.246669932 
          99          100          101          102          103          104          105 
 0.223662303  0.141967103  0.117504164  0.029277575  0.062025447  0.004969981  0.078840874 
         106          107          108          109          110          111          112 
 0.093450086  0.155516803  0.178305614  0.163052071  0.142146139  0.054822673  0.025408394 
         113          114          115          116          117          118          119 
 0.035636421  0.034047977  0.065200514  0.109004378  0.127726504  0.128149255  0.177852035 
         120          121          122          123          124          125          126 
 0.217794457  0.264846342  0.235190528  0.203884792  0.189750433  0.170437994  0.155840058 
         127          128          129          130          131          132          133 
 0.155159937  0.172261879  0.160356540  0.182993622  0.197871032  0.208603098  0.211335964 
         134          135          136          137          138          139          140 
 0.226304001  0.226194299  0.208480085  0.193981440  0.239044312  0.252661069  0.246307709 
         141          142          143          144          145          146          147 
 0.271693841  0.261785733  0.259554199  0.240844757  0.255557908  0.257188298  0.234811502 
         148          149          150          151          152          153          154 
 0.199862539  0.172837338  0.158570829  0.172936269  0.174094749  0.180235677  0.190569229 
         155          156          157          158          159          160          161 
 0.212898588  0.202602827  0.233241879  0.247981161  0.225000743  0.204573831  0.190209434 
         162          163          164          165          166          167          168 
 0.193976458  0.202353014  0.217058694  0.213371814  0.211564722  0.238630484  0.298114445 
         169          170          171          172          173          174          175 
 0.346591478  0.416183426  0.437174753  0.448550240  0.428080779  0.413500775  0.427756270 
         176          177          178          179          180          181          182 
 0.429417379  0.450454763  0.471827976  0.473796697  0.508920194  0.473092757  0.411950015 
         183          184          185          186          187          188          189 
 0.365482163  0.293970098  0.266488803  0.280257651  0.254236138  0.281541787  0.290426172 
         190          191          192          193          194          195          196 
 0.270839772  0.301038985  0.306187582  0.340336087  0.356534014  0.351708468  0.319625118 
         197          198          199          200          201          202          203 
 0.302650200  0.270610828  0.284680817  0.287633207  0.329387514  0.321201681  0.322142460 
         204          205          206          207          208          209          210 
 0.388754667  0.403362830  0.393253699  0.386523780  0.416282974  0.359672918  0.393056740 
         211          212          213          214          215          216          217 
 0.369513550  0.392572451  0.385657705  0.388401227  0.364701690  0.406458718  0.438304665 
         218          219          220          221          222          223          224 
 0.417706659  0.448132778  0.417982148  0.363047819  0.401622291  0.386135820  0.440082691 
         225          226          227          228          229          230          231 
 0.483799472  0.466372632  0.457313253  0.468206534  0.504363244  0.514498749  0.441395972 
         232          233          234          235          236          237          238 
 0.459825794  0.458909110  0.473078848  0.482271488  0.526920725  0.525223603  0.508947578 
         239          240          241          242          243          244          245 
 0.474440265  0.451001056  0.435115573  0.423486713  0.432444940  0.430539198  0.444986166 
         246          247          248          249          250          251          252 
 0.373191127  0.440872656  0.445375832  0.435101492  0.442277962  0.423931773  0.462911300 
         253          254          255          256          257          258          259 
 0.468038573  0.442307737  0.425354453  0.440684887  0.436232131  0.438112836  0.456380436 
         260          261          262          263          264          265          266 
 0.466749670  0.415735244  0.471011015  0.491186079  0.467804649  0.479502571  0.456961781 
         267          268          269          270          271          272          273 
 0.454255595  0.436460898  0.405443589  0.386332161  0.366755971  0.370934020  0.390333776 
         274          275          276          277          278          279          280 
 0.392884922  0.381004868  0.391653125  0.445607323  0.468712163  0.461494161  0.447070924 
         281          282          283          284 
 0.451367316  0.456281263  0.473514721  0.459918577 
> test
    Year Month    MEI    CO2     CH4     N2O  CFC.11  CFC.12      TSI Aerosols  Temp
285 2007     1  0.974 382.93 1799.66 320.561 248.372 539.206 1365.717   0.0054 0.601
286 2007     2  0.510 383.81 1803.08 320.571 248.264 538.973 1365.715   0.0051 0.498
287 2007     3  0.074 384.56 1803.10 320.548 247.997 538.811 1365.754   0.0045 0.435
288 2007     4 -0.049 386.40 1802.11 320.518 247.574 538.586 1365.723   0.0045 0.466
289 2007     5  0.183 386.58 1795.65 320.445 247.224 538.130 1365.693   0.0041 0.372
290 2007     6 -0.358 386.05 1781.81 320.332 246.881 537.376 1365.762   0.0040 0.382
291 2007     7 -0.290 384.49 1771.89 320.349 246.497 537.113 1365.751   0.0040 0.394
292 2007     8 -0.440 382.00 1779.38 320.471 246.307 537.125 1365.757   0.0041 0.358
293 2007     9 -1.162 380.90 1794.21 320.618 246.214 537.281 1365.716   0.0042 0.402
294 2007    10 -1.142 381.14 1802.38 320.855 246.189 537.380 1365.739   0.0041 0.362
295 2007    11 -1.177 382.42 1803.79 321.062 246.178 537.319 1365.668   0.0042 0.266
296 2007    12 -1.168 383.89 1805.58 321.217 246.261 537.052 1365.693   0.0040 0.226
297 2008     1 -1.011 385.44 1809.92 321.328 246.183 536.876 1365.716   0.0038 0.074
298 2008     2 -1.402 385.73 1803.45 321.345 245.898 536.484 1365.737   0.0036 0.198
299 2008     3 -1.635 385.97 1792.84 321.295 245.430 535.979 1365.673   0.0034 0.447
300 2008     4 -0.942 387.16 1792.57 321.354 245.086 535.648 1365.715   0.0033 0.278
301 2008     5 -0.355 388.50 1796.43 321.420 244.914 535.399 1365.717   0.0031 0.283
302 2008     6  0.128 387.88 1791.80 321.447 244.676 535.128 1365.673   0.0031 0.315
303 2008     7  0.003 386.42 1782.93 321.372 244.434 535.026 1365.672   0.0033 0.406
304 2008     8 -0.266 384.15 1779.88 321.405 244.200 535.072 1365.657   0.0036 0.407
305 2008     9 -0.643 383.09 1795.08 321.529 244.083 535.048 1365.665   0.0043 0.378
306 2008    10 -0.780 382.99 1814.18 321.796 244.080 534.927 1365.676   0.0046 0.440
307 2008    11 -0.621 384.13 1812.37 322.013 244.225 534.906 1365.707   0.0048 0.394
308 2008    12 -0.666 385.56 1812.88 322.182 244.204 535.005 1365.693   0.0046 0.330
> str(test$Temp)
 num [1:24] 0.601 0.498 0.435 0.466 0.372 0.382 0.394 0.358 0.402 0.362 ...
> summary(test$Temp)
   Min. 1st Qu.  Median    Mean 3rd Qu.    Max. 
  0.074   0.307   0.380   0.363   0.414   0.601 
> test$Temp
 [1] 0.601 0.498 0.435 0.466 0.372 0.382 0.394 0.358 0.402 0.362 0.266 0.226 0.074 0.198
[15] 0.447 0.278 0.283 0.315 0.406 0.407 0.378 0.440 0.394 0.330
> prediction
           1            2            3            4            5            6            7 
 0.159950385  0.145312217  0.135686823  0.107393628  0.040906060  0.006243965  0.014318043 
           8            9           10           11           12           13           14 
 0.025827439 -0.032260180 -0.015762871  0.083817820  0.051285293  0.064349569  0.073741558 
          15           16           17           18           19           20           21 
 0.065585434  0.033022561  0.013231447  0.009218369 -0.020306060 -0.024296854 -0.031509884 
          22           23           24           25           26           27           28 
-0.020623783 -0.019985877 -0.010808835 -0.005455104  0.042284215  0.027278144  0.014074601 
          29           30           31           32           33           34           35 
-0.009548752  0.003274519  0.027011772  0.019572787  0.016175066  0.009816922  0.040149201 
          36           37           38           39           40           41           42 
 0.030614519  0.069006679  0.055847964  0.043637781  0.047046050  0.063840700  0.053872446 
          43           44           45           46           47           48           49 
 0.063811610  0.093433863  0.110368551  0.115406141  0.162998944  0.186887220  0.217250067 
          50           51           52           53           54           55           56 
 0.201166054  0.184147383  0.181660696  0.173541837  0.159346004  0.159034738  0.174688406 
          57           58           59           60           61           62           63 
 0.174123230  0.162786231  0.138909143  0.144652280  0.154214979  0.075250021  0.019110466 
          64           65           66           67           68           69           70 
 0.021424419  0.030368926  0.010863757  0.023372141  0.036650462  0.084079068  0.082630689 
          71           72           73           74           75           76           77 
 0.083637094  0.133837657  0.182151693  0.150209554  0.198537301  0.125185976  0.108251621 
          78           79           80           81           82           83           84 
 0.170485297  0.177847209  0.203025282  0.212529475  0.212486397  0.244750333  0.243649820 
          85           86           87           88           89           90           91 
 0.235099234  0.239848538  0.180634763  0.142310969  0.207114292  0.185061963  0.127435712 
          92           93           94           95           96           97           98 
 0.179854405  0.148411047  0.176831626  0.216068084  0.281914010  0.247765383  0.246669932 
          99          100          101          102          103          104          105 
 0.223662303  0.141967103  0.117504164  0.029277575  0.062025447  0.004969981  0.078840874 
         106          107          108          109          110          111          112 
 0.093450086  0.155516803  0.178305614  0.163052071  0.142146139  0.054822673  0.025408394 
         113          114          115          116          117          118          119 
 0.035636421  0.034047977  0.065200514  0.109004378  0.127726504  0.128149255  0.177852035 
         120          121          122          123          124          125          126 
 0.217794457  0.264846342  0.235190528  0.203884792  0.189750433  0.170437994  0.155840058 
         127          128          129          130          131          132          133 
 0.155159937  0.172261879  0.160356540  0.182993622  0.197871032  0.208603098  0.211335964 
         134          135          136          137          138          139          140 
 0.226304001  0.226194299  0.208480085  0.193981440  0.239044312  0.252661069  0.246307709 
         141          142          143          144          145          146          147 
 0.271693841  0.261785733  0.259554199  0.240844757  0.255557908  0.257188298  0.234811502 
         148          149          150          151          152          153          154 
 0.199862539  0.172837338  0.158570829  0.172936269  0.174094749  0.180235677  0.190569229 
         155          156          157          158          159          160          161 
 0.212898588  0.202602827  0.233241879  0.247981161  0.225000743  0.204573831  0.190209434 
         162          163          164          165          166          167          168 
 0.193976458  0.202353014  0.217058694  0.213371814  0.211564722  0.238630484  0.298114445 
         169          170          171          172          173          174          175 
 0.346591478  0.416183426  0.437174753  0.448550240  0.428080779  0.413500775  0.427756270 
         176          177          178          179          180          181          182 
 0.429417379  0.450454763  0.471827976  0.473796697  0.508920194  0.473092757  0.411950015 
         183          184          185          186          187          188          189 
 0.365482163  0.293970098  0.266488803  0.280257651  0.254236138  0.281541787  0.290426172 
         190          191          192          193          194          195          196 
 0.270839772  0.301038985  0.306187582  0.340336087  0.356534014  0.351708468  0.319625118 
         197          198          199          200          201          202          203 
 0.302650200  0.270610828  0.284680817  0.287633207  0.329387514  0.321201681  0.322142460 
         204          205          206          207          208          209          210 
 0.388754667  0.403362830  0.393253699  0.386523780  0.416282974  0.359672918  0.393056740 
         211          212          213          214          215          216          217 
 0.369513550  0.392572451  0.385657705  0.388401227  0.364701690  0.406458718  0.438304665 
         218          219          220          221          222          223          224 
 0.417706659  0.448132778  0.417982148  0.363047819  0.401622291  0.386135820  0.440082691 
         225          226          227          228          229          230          231 
 0.483799472  0.466372632  0.457313253  0.468206534  0.504363244  0.514498749  0.441395972 
         232          233          234          235          236          237          238 
 0.459825794  0.458909110  0.473078848  0.482271488  0.526920725  0.525223603  0.508947578 
         239          240          241          242          243          244          245 
 0.474440265  0.451001056  0.435115573  0.423486713  0.432444940  0.430539198  0.444986166 
         246          247          248          249          250          251          252 
 0.373191127  0.440872656  0.445375832  0.435101492  0.442277962  0.423931773  0.462911300 
         253          254          255          256          257          258          259 
 0.468038573  0.442307737  0.425354453  0.440684887  0.436232131  0.438112836  0.456380436 
         260          261          262          263          264          265          266 
 0.466749670  0.415735244  0.471011015  0.491186079  0.467804649  0.479502571  0.456961781 
         267          268          269          270          271          272          273 
 0.454255595  0.436460898  0.405443589  0.386332161  0.366755971  0.370934020  0.390333776 
         274          275          276          277          278          279          280 
 0.392884922  0.381004868  0.391653125  0.445607323  0.468712163  0.461494161  0.447070924 
         281          282          283          284 
 0.451367316  0.456281263  0.473514721  0.459918577 
> prediction = 0
> prediction
[1] 0
> prediction = predict(modelxx, new_data=test)
> prediction
           1            2            3            4            5            6            7 
 0.159950385  0.145312217  0.135686823  0.107393628  0.040906060  0.006243965  0.014318043 
           8            9           10           11           12           13           14 
 0.025827439 -0.032260180 -0.015762871  0.083817820  0.051285293  0.064349569  0.073741558 
          15           16           17           18           19           20           21 
 0.065585434  0.033022561  0.013231447  0.009218369 -0.020306060 -0.024296854 -0.031509884 
          22           23           24           25           26           27           28 
-0.020623783 -0.019985877 -0.010808835 -0.005455104  0.042284215  0.027278144  0.014074601 
          29           30           31           32           33           34           35 
-0.009548752  0.003274519  0.027011772  0.019572787  0.016175066  0.009816922  0.040149201 
          36           37           38           39           40           41           42 
 0.030614519  0.069006679  0.055847964  0.043637781  0.047046050  0.063840700  0.053872446 
          43           44           45           46           47           48           49 
 0.063811610  0.093433863  0.110368551  0.115406141  0.162998944  0.186887220  0.217250067 
          50           51           52           53           54           55           56 
 0.201166054  0.184147383  0.181660696  0.173541837  0.159346004  0.159034738  0.174688406 
          57           58           59           60           61           62           63 
 0.174123230  0.162786231  0.138909143  0.144652280  0.154214979  0.075250021  0.019110466 
          64           65           66           67           68           69           70 
 0.021424419  0.030368926  0.010863757  0.023372141  0.036650462  0.084079068  0.082630689 
          71           72           73           74           75           76           77 
 0.083637094  0.133837657  0.182151693  0.150209554  0.198537301  0.125185976  0.108251621 
          78           79           80           81           82           83           84 
 0.170485297  0.177847209  0.203025282  0.212529475  0.212486397  0.244750333  0.243649820 
          85           86           87           88           89           90           91 
 0.235099234  0.239848538  0.180634763  0.142310969  0.207114292  0.185061963  0.127435712 
          92           93           94           95           96           97           98 
 0.179854405  0.148411047  0.176831626  0.216068084  0.281914010  0.247765383  0.246669932 
          99          100          101          102          103          104          105 
 0.223662303  0.141967103  0.117504164  0.029277575  0.062025447  0.004969981  0.078840874 
         106          107          108          109          110          111          112 
 0.093450086  0.155516803  0.178305614  0.163052071  0.142146139  0.054822673  0.025408394 
         113          114          115          116          117          118          119 
 0.035636421  0.034047977  0.065200514  0.109004378  0.127726504  0.128149255  0.177852035 
         120          121          122          123          124          125          126 
 0.217794457  0.264846342  0.235190528  0.203884792  0.189750433  0.170437994  0.155840058 
         127          128          129          130          131          132          133 
 0.155159937  0.172261879  0.160356540  0.182993622  0.197871032  0.208603098  0.211335964 
         134          135          136          137          138          139          140 
 0.226304001  0.226194299  0.208480085  0.193981440  0.239044312  0.252661069  0.246307709 
         141          142          143          144          145          146          147 
 0.271693841  0.261785733  0.259554199  0.240844757  0.255557908  0.257188298  0.234811502 
         148          149          150          151          152          153          154 
 0.199862539  0.172837338  0.158570829  0.172936269  0.174094749  0.180235677  0.190569229 
         155          156          157          158          159          160          161 
 0.212898588  0.202602827  0.233241879  0.247981161  0.225000743  0.204573831  0.190209434 
         162          163          164          165          166          167          168 
 0.193976458  0.202353014  0.217058694  0.213371814  0.211564722  0.238630484  0.298114445 
         169          170          171          172          173          174          175 
 0.346591478  0.416183426  0.437174753  0.448550240  0.428080779  0.413500775  0.427756270 
         176          177          178          179          180          181          182 
 0.429417379  0.450454763  0.471827976  0.473796697  0.508920194  0.473092757  0.411950015 
         183          184          185          186          187          188          189 
 0.365482163  0.293970098  0.266488803  0.280257651  0.254236138  0.281541787  0.290426172 
         190          191          192          193          194          195          196 
 0.270839772  0.301038985  0.306187582  0.340336087  0.356534014  0.351708468  0.319625118 
         197          198          199          200          201          202          203 
 0.302650200  0.270610828  0.284680817  0.287633207  0.329387514  0.321201681  0.322142460 
         204          205          206          207          208          209          210 
 0.388754667  0.403362830  0.393253699  0.386523780  0.416282974  0.359672918  0.393056740 
         211          212          213          214          215          216          217 
 0.369513550  0.392572451  0.385657705  0.388401227  0.364701690  0.406458718  0.438304665 
         218          219          220          221          222          223          224 
 0.417706659  0.448132778  0.417982148  0.363047819  0.401622291  0.386135820  0.440082691 
         225          226          227          228          229          230          231 
 0.483799472  0.466372632  0.457313253  0.468206534  0.504363244  0.514498749  0.441395972 
         232          233          234          235          236          237          238 
 0.459825794  0.458909110  0.473078848  0.482271488  0.526920725  0.525223603  0.508947578 
         239          240          241          242          243          244          245 
 0.474440265  0.451001056  0.435115573  0.423486713  0.432444940  0.430539198  0.444986166 
         246          247          248          249          250          251          252 
 0.373191127  0.440872656  0.445375832  0.435101492  0.442277962  0.423931773  0.462911300 
         253          254          255          256          257          258          259 
 0.468038573  0.442307737  0.425354453  0.440684887  0.436232131  0.438112836  0.456380436 
         260          261          262          263          264          265          266 
 0.466749670  0.415735244  0.471011015  0.491186079  0.467804649  0.479502571  0.456961781 
         267          268          269          270          271          272          273 
 0.454255595  0.436460898  0.405443589  0.386332161  0.366755971  0.370934020  0.390333776 
         274          275          276          277          278          279          280 
 0.392884922  0.381004868  0.391653125  0.445607323  0.468712163  0.461494161  0.447070924 
         281          282          283          284 
 0.451367316  0.456281263  0.473514721  0.459918577 
> modelxx

Call:
lm(formula = Temp ~ MEI + CO2 + N2O + CFC.11 + CFC.12 + TSI + 
    Aerosols, data = train)

Coefficients:
(Intercept)          MEI          CO2          N2O       CFC.11       CFC.12          TSI  
 -1.245e+02    6.407e-02    6.401e-03   -1.602e-02   -6.609e-03    3.868e-03    9.312e-02  
   Aerosols  
 -1.540e+00  

> modelxxx = lm(formula = Temp ~ MEI + CO2 + N2O + CFC.11 + CFC.12 + TSI + 
+     Aerosols, data = train)
> 
> prediction = predict(modelxxx, new_data=test)
> SSE = sum((prediction - test$Temp)^2)
Warning message:
In prediction - test$Temp :
  longer object length is not a multiple of shorter object length
> prediction
           1            2            3            4            5            6            7 
 0.159950385  0.145312217  0.135686823  0.107393628  0.040906060  0.006243965  0.014318043 
           8            9           10           11           12           13           14 
 0.025827439 -0.032260180 -0.015762871  0.083817820  0.051285293  0.064349569  0.073741558 
          15           16           17           18           19           20           21 
 0.065585434  0.033022561  0.013231447  0.009218369 -0.020306060 -0.024296854 -0.031509884 
          22           23           24           25           26           27           28 
-0.020623783 -0.019985877 -0.010808835 -0.005455104  0.042284215  0.027278144  0.014074601 
          29           30           31           32           33           34           35 
-0.009548752  0.003274519  0.027011772  0.019572787  0.016175066  0.009816922  0.040149201 
          36           37           38           39           40           41           42 
 0.030614519  0.069006679  0.055847964  0.043637781  0.047046050  0.063840700  0.053872446 
          43           44           45           46           47           48           49 
 0.063811610  0.093433863  0.110368551  0.115406141  0.162998944  0.186887220  0.217250067 
          50           51           52           53           54           55           56 
 0.201166054  0.184147383  0.181660696  0.173541837  0.159346004  0.159034738  0.174688406 
          57           58           59           60           61           62           63 
 0.174123230  0.162786231  0.138909143  0.144652280  0.154214979  0.075250021  0.019110466 
          64           65           66           67           68           69           70 
 0.021424419  0.030368926  0.010863757  0.023372141  0.036650462  0.084079068  0.082630689 
          71           72           73           74           75           76           77 
 0.083637094  0.133837657  0.182151693  0.150209554  0.198537301  0.125185976  0.108251621 
          78           79           80           81           82           83           84 
 0.170485297  0.177847209  0.203025282  0.212529475  0.212486397  0.244750333  0.243649820 
          85           86           87           88           89           90           91 
 0.235099234  0.239848538  0.180634763  0.142310969  0.207114292  0.185061963  0.127435712 
          92           93           94           95           96           97           98 
 0.179854405  0.148411047  0.176831626  0.216068084  0.281914010  0.247765383  0.246669932 
          99          100          101          102          103          104          105 
 0.223662303  0.141967103  0.117504164  0.029277575  0.062025447  0.004969981  0.078840874 
         106          107          108          109          110          111          112 
 0.093450086  0.155516803  0.178305614  0.163052071  0.142146139  0.054822673  0.025408394 
         113          114          115          116          117          118          119 
 0.035636421  0.034047977  0.065200514  0.109004378  0.127726504  0.128149255  0.177852035 
         120          121          122          123          124          125          126 
 0.217794457  0.264846342  0.235190528  0.203884792  0.189750433  0.170437994  0.155840058 
         127          128          129          130          131          132          133 
 0.155159937  0.172261879  0.160356540  0.182993622  0.197871032  0.208603098  0.211335964 
         134          135          136          137          138          139          140 
 0.226304001  0.226194299  0.208480085  0.193981440  0.239044312  0.252661069  0.246307709 
         141          142          143          144          145          146          147 
 0.271693841  0.261785733  0.259554199  0.240844757  0.255557908  0.257188298  0.234811502 
         148          149          150          151          152          153          154 
 0.199862539  0.172837338  0.158570829  0.172936269  0.174094749  0.180235677  0.190569229 
         155          156          157          158          159          160          161 
 0.212898588  0.202602827  0.233241879  0.247981161  0.225000743  0.204573831  0.190209434 
         162          163          164          165          166          167          168 
 0.193976458  0.202353014  0.217058694  0.213371814  0.211564722  0.238630484  0.298114445 
         169          170          171          172          173          174          175 
 0.346591478  0.416183426  0.437174753  0.448550240  0.428080779  0.413500775  0.427756270 
         176          177          178          179          180          181          182 
 0.429417379  0.450454763  0.471827976  0.473796697  0.508920194  0.473092757  0.411950015 
         183          184          185          186          187          188          189 
 0.365482163  0.293970098  0.266488803  0.280257651  0.254236138  0.281541787  0.290426172 
         190          191          192          193          194          195          196 
 0.270839772  0.301038985  0.306187582  0.340336087  0.356534014  0.351708468  0.319625118 
         197          198          199          200          201          202          203 
 0.302650200  0.270610828  0.284680817  0.287633207  0.329387514  0.321201681  0.322142460 
         204          205          206          207          208          209          210 
 0.388754667  0.403362830  0.393253699  0.386523780  0.416282974  0.359672918  0.393056740 
         211          212          213          214          215          216          217 
 0.369513550  0.392572451  0.385657705  0.388401227  0.364701690  0.406458718  0.438304665 
         218          219          220          221          222          223          224 
 0.417706659  0.448132778  0.417982148  0.363047819  0.401622291  0.386135820  0.440082691 
         225          226          227          228          229          230          231 
 0.483799472  0.466372632  0.457313253  0.468206534  0.504363244  0.514498749  0.441395972 
         232          233          234          235          236          237          238 
 0.459825794  0.458909110  0.473078848  0.482271488  0.526920725  0.525223603  0.508947578 
         239          240          241          242          243          244          245 
 0.474440265  0.451001056  0.435115573  0.423486713  0.432444940  0.430539198  0.444986166 
         246          247          248          249          250          251          252 
 0.373191127  0.440872656  0.445375832  0.435101492  0.442277962  0.423931773  0.462911300 
         253          254          255          256          257          258          259 
 0.468038573  0.442307737  0.425354453  0.440684887  0.436232131  0.438112836  0.456380436 
         260          261          262          263          264          265          266 
 0.466749670  0.415735244  0.471011015  0.491186079  0.467804649  0.479502571  0.456961781 
         267          268          269          270          271          272          273 
 0.454255595  0.436460898  0.405443589  0.386332161  0.366755971  0.370934020  0.390333776 
         274          275          276          277          278          279          280 
 0.392884922  0.381004868  0.391653125  0.445607323  0.468712163  0.461494161  0.447070924 
         281          282          283          284 
 0.451367316  0.456281263  0.473514721  0.459918577 
> len(predictions)
Error in len(predictions) : could not find function "len"
> length(predictions)
Error: object 'predictions' not found
> length(predictions)
Error: object 'predictions' not found
> predictions
Error: object 'predictions' not found
> Aprediction = predict(modelxxx, new_data=test)
> length(Aprediction)
[1] 284
> SSE = sum((Aprediction - test$Temp)^2)
Warning message:
In Aprediction - test$Temp :
  longer object length is not a multiple of shorter object length
> test
    Year Month    MEI    CO2     CH4     N2O  CFC.11  CFC.12      TSI Aerosols  Temp
285 2007     1  0.974 382.93 1799.66 320.561 248.372 539.206 1365.717   0.0054 0.601
286 2007     2  0.510 383.81 1803.08 320.571 248.264 538.973 1365.715   0.0051 0.498
287 2007     3  0.074 384.56 1803.10 320.548 247.997 538.811 1365.754   0.0045 0.435
288 2007     4 -0.049 386.40 1802.11 320.518 247.574 538.586 1365.723   0.0045 0.466
289 2007     5  0.183 386.58 1795.65 320.445 247.224 538.130 1365.693   0.0041 0.372
290 2007     6 -0.358 386.05 1781.81 320.332 246.881 537.376 1365.762   0.0040 0.382
291 2007     7 -0.290 384.49 1771.89 320.349 246.497 537.113 1365.751   0.0040 0.394
292 2007     8 -0.440 382.00 1779.38 320.471 246.307 537.125 1365.757   0.0041 0.358
293 2007     9 -1.162 380.90 1794.21 320.618 246.214 537.281 1365.716   0.0042 0.402
294 2007    10 -1.142 381.14 1802.38 320.855 246.189 537.380 1365.739   0.0041 0.362
295 2007    11 -1.177 382.42 1803.79 321.062 246.178 537.319 1365.668   0.0042 0.266
296 2007    12 -1.168 383.89 1805.58 321.217 246.261 537.052 1365.693   0.0040 0.226
297 2008     1 -1.011 385.44 1809.92 321.328 246.183 536.876 1365.716   0.0038 0.074
298 2008     2 -1.402 385.73 1803.45 321.345 245.898 536.484 1365.737   0.0036 0.198
299 2008     3 -1.635 385.97 1792.84 321.295 245.430 535.979 1365.673   0.0034 0.447
300 2008     4 -0.942 387.16 1792.57 321.354 245.086 535.648 1365.715   0.0033 0.278
301 2008     5 -0.355 388.50 1796.43 321.420 244.914 535.399 1365.717   0.0031 0.283
302 2008     6  0.128 387.88 1791.80 321.447 244.676 535.128 1365.673   0.0031 0.315
303 2008     7  0.003 386.42 1782.93 321.372 244.434 535.026 1365.672   0.0033 0.406
304 2008     8 -0.266 384.15 1779.88 321.405 244.200 535.072 1365.657   0.0036 0.407
305 2008     9 -0.643 383.09 1795.08 321.529 244.083 535.048 1365.665   0.0043 0.378
306 2008    10 -0.780 382.99 1814.18 321.796 244.080 534.927 1365.676   0.0046 0.440
307 2008    11 -0.621 384.13 1812.37 322.013 244.225 534.906 1365.707   0.0048 0.394
308 2008    12 -0.666 385.56 1812.88 322.182 244.204 535.005 1365.693   0.0046 0.330
> 